Stm32f103x8_EXTI_drivers.c:38:6:NVIC_ENABLE	16	static
Stm32f103x8_EXTI_drivers.c:75:6:NVIC_DISABLE	16	static
Stm32f103x8_EXTI_drivers.c:120:6:Updata	24	static
Stm32f103x8_EXTI_drivers.c:178:6:MCAL_EXTI_GPIO_INIT	16	static
Stm32f103x8_EXTI_drivers.c:192:6:MCAL_EXTI_GPIO_Deinit	4	static
Stm32f103x8_EXTI_drivers.c:220:6:MCAL_EXTI_GPIO_UPDAT	16	static
Stm32f103x8_EXTI_drivers.c:225:6:EXTI0_IRQHandler	8	static
Stm32f103x8_EXTI_drivers.c:234:6:EXTI1_IRQHandler	8	static
Stm32f103x8_EXTI_drivers.c:240:6:EXTI2_IRQHandler	8	static
Stm32f103x8_EXTI_drivers.c:246:6:EXTI3_IRQHandler	8	static
Stm32f103x8_EXTI_drivers.c:254:6:EXTI4_IRQHandler	8	static
Stm32f103x8_EXTI_drivers.c:262:6:EXTI9_5_IRQHandler	8	static
Stm32f103x8_EXTI_drivers.c:277:6:EXTI15_10_IRQHandler	8	static
