Archive member included to satisfy reference by file (symbol)

c:/st/stm32cubeide_1.4.0/stm32cubeide/plugins/com.st.stm32cube.ide.mcu.externaltools.gnu-tools-for-stm32.7-2018-q2-update.win32_1.4.0.202007081208/tools/bin/../lib/gcc/arm-none-eabi/7.3.1/../../../../arm-none-eabi/lib/thumb/v7-m\libc_nano.a(lib_a-errno.o)
                              Src/syscalls.o (__errno)
c:/st/stm32cubeide_1.4.0/stm32cubeide/plugins/com.st.stm32cube.ide.mcu.externaltools.gnu-tools-for-stm32.7-2018-q2-update.win32_1.4.0.202007081208/tools/bin/../lib/gcc/arm-none-eabi/7.3.1/../../../../arm-none-eabi/lib/thumb/v7-m\libc_nano.a(lib_a-exit.o)
                              c:/st/stm32cubeide_1.4.0/stm32cubeide/plugins/com.st.stm32cube.ide.mcu.externaltools.gnu-tools-for-stm32.7-2018-q2-update.win32_1.4.0.202007081208/tools/bin/../lib/gcc/arm-none-eabi/7.3.1/../../../../arm-none-eabi/lib/thumb/v7-m/crt0.o (exit)
c:/st/stm32cubeide_1.4.0/stm32cubeide/plugins/com.st.stm32cube.ide.mcu.externaltools.gnu-tools-for-stm32.7-2018-q2-update.win32_1.4.0.202007081208/tools/bin/../lib/gcc/arm-none-eabi/7.3.1/../../../../arm-none-eabi/lib/thumb/v7-m\libc_nano.a(lib_a-impure.o)
                              c:/st/stm32cubeide_1.4.0/stm32cubeide/plugins/com.st.stm32cube.ide.mcu.externaltools.gnu-tools-for-stm32.7-2018-q2-update.win32_1.4.0.202007081208/tools/bin/../lib/gcc/arm-none-eabi/7.3.1/../../../../arm-none-eabi/lib/thumb/v7-m\libc_nano.a(lib_a-exit.o) (_global_impure_ptr)
c:/st/stm32cubeide_1.4.0/stm32cubeide/plugins/com.st.stm32cube.ide.mcu.externaltools.gnu-tools-for-stm32.7-2018-q2-update.win32_1.4.0.202007081208/tools/bin/../lib/gcc/arm-none-eabi/7.3.1/../../../../arm-none-eabi/lib/thumb/v7-m\libc_nano.a(lib_a-init.o)
                              c:/st/stm32cubeide_1.4.0/stm32cubeide/plugins/com.st.stm32cube.ide.mcu.externaltools.gnu-tools-for-stm32.7-2018-q2-update.win32_1.4.0.202007081208/tools/bin/../lib/gcc/arm-none-eabi/7.3.1/../../../../arm-none-eabi/lib/thumb/v7-m/crt0.o (__libc_init_array)
c:/st/stm32cubeide_1.4.0/stm32cubeide/plugins/com.st.stm32cube.ide.mcu.externaltools.gnu-tools-for-stm32.7-2018-q2-update.win32_1.4.0.202007081208/tools/bin/../lib/gcc/arm-none-eabi/7.3.1/../../../../arm-none-eabi/lib/thumb/v7-m\libc_nano.a(lib_a-memset.o)
                              c:/st/stm32cubeide_1.4.0/stm32cubeide/plugins/com.st.stm32cube.ide.mcu.externaltools.gnu-tools-for-stm32.7-2018-q2-update.win32_1.4.0.202007081208/tools/bin/../lib/gcc/arm-none-eabi/7.3.1/../../../../arm-none-eabi/lib/thumb/v7-m/crt0.o (memset)

Allocating common symbols
Common symbol       size              file

GPIO_Pinconfige     0x4               Src/main.o
keypad_confg        0x4               HAL/KEYPAD/Keypad.o
GPIO_Config         0x4               HAL/LCD/Lcd.o
ch                  0x1               Src/main.o
Gp_call_back_func   0x3c              Stm32_F103C6_Drivers/EXTI/Stm32f103x8_EXTI_drivers.o

Discarded input sections

 .text          0x0000000000000000        0x0 c:/st/stm32cubeide_1.4.0/stm32cubeide/plugins/com.st.stm32cube.ide.mcu.externaltools.gnu-tools-for-stm32.7-2018-q2-update.win32_1.4.0.202007081208/tools/bin/../lib/gcc/arm-none-eabi/7.3.1/thumb/v7-m/crti.o
 .data          0x0000000000000000        0x0 c:/st/stm32cubeide_1.4.0/stm32cubeide/plugins/com.st.stm32cube.ide.mcu.externaltools.gnu-tools-for-stm32.7-2018-q2-update.win32_1.4.0.202007081208/tools/bin/../lib/gcc/arm-none-eabi/7.3.1/thumb/v7-m/crti.o
 .bss           0x0000000000000000        0x0 c:/st/stm32cubeide_1.4.0/stm32cubeide/plugins/com.st.stm32cube.ide.mcu.externaltools.gnu-tools-for-stm32.7-2018-q2-update.win32_1.4.0.202007081208/tools/bin/../lib/gcc/arm-none-eabi/7.3.1/thumb/v7-m/crti.o
 .data          0x0000000000000000        0x4 c:/st/stm32cubeide_1.4.0/stm32cubeide/plugins/com.st.stm32cube.ide.mcu.externaltools.gnu-tools-for-stm32.7-2018-q2-update.win32_1.4.0.202007081208/tools/bin/../lib/gcc/arm-none-eabi/7.3.1/thumb/v7-m/crtbegin.o
 .text          0x0000000000000000       0x74 c:/st/stm32cubeide_1.4.0/stm32cubeide/plugins/com.st.stm32cube.ide.mcu.externaltools.gnu-tools-for-stm32.7-2018-q2-update.win32_1.4.0.202007081208/tools/bin/../lib/gcc/arm-none-eabi/7.3.1/../../../../arm-none-eabi/lib/thumb/v7-m/crt0.o
 .data          0x0000000000000000        0x0 c:/st/stm32cubeide_1.4.0/stm32cubeide/plugins/com.st.stm32cube.ide.mcu.externaltools.gnu-tools-for-stm32.7-2018-q2-update.win32_1.4.0.202007081208/tools/bin/../lib/gcc/arm-none-eabi/7.3.1/../../../../arm-none-eabi/lib/thumb/v7-m/crt0.o
 .bss           0x0000000000000000        0x0 c:/st/stm32cubeide_1.4.0/stm32cubeide/plugins/com.st.stm32cube.ide.mcu.externaltools.gnu-tools-for-stm32.7-2018-q2-update.win32_1.4.0.202007081208/tools/bin/../lib/gcc/arm-none-eabi/7.3.1/../../../../arm-none-eabi/lib/thumb/v7-m/crt0.o
[...]
Memory Configuration

Name             Origin             Length             Attributes
RAM              0x0000000020000000 0x0000000000002800 xrw
ROM              0x0000000008000000 0x0000000000008000 xr
*default*        0x0000000000000000 0xffffffffffffffff

Linker script and memory map

LOAD c:/st/stm32cubeide_1.4.0/stm32cubeide/plugins/com.st.stm32cube.ide.mcu.externaltools.gnu-tools-for-stm32.7-2018-q2-update.win32_1.4.0.202007081208/tools/bin/../lib/gcc/arm-none-eabi/7.3.1/thumb/v7-m/crti.o
LOAD c:/st/stm32cubeide_1.4.0/stm32cubeide/plugins/com.st.stm32cube.ide.mcu.externaltools.gnu-tools-for-stm32.7-2018-q2-update.win32_1.4.0.202007081208/tools/bin/../lib/gcc/arm-none-eabi/7.3.1/thumb/v7-m/crtbegin.o
LOAD c:/st/stm32cubeide_1.4.0/stm32cubeide/plugins/com.st.stm32cube.ide.mcu.externaltools.gnu-tools-for-stm32.7-2018-q2-update.win32_1.4.0.202007081208/tools/bin/../lib/gcc/arm-none-eabi/7.3.1/../../../../arm-none-eabi/lib/thumb/v7-m/crt0.o
LOAD HAL/KEYPAD/Keypad.o
LOAD HAL/LCD/Lcd.o
LOAD Src/main.o
LOAD Src/syscalls.o
LOAD Src/sysmem.o
LOAD Startup/startup_stm32f103c6tx.o
LOAD Stm32_F103C6_Drivers/EXTI/Stm32f103x8_EXTI_drivers.o
LOAD Stm32_F103C6_Drivers/GPIO/Stm32f103x8_gpio_drivers.o
LOAD Stm32_F103C6_Drivers/RCC/Stm32f103x8_RCC_drivers.o
LOAD Stm32_F103C6_Drivers/SPI/Stm32f103x8_SPI_drivers.o
LOAD Stm32_F103C6_Drivers/USART/Stm32f103x8_USART_drivers.o
START GROUP
LOAD c:/st/stm32cubeide_1.4.0/stm32cubeide/plugins/com.st.stm32cube.ide.mcu.externaltools.gnu-tools-for-stm32.7-2018-q2-update.win32_1.4.0.202007081208/tools/bin/../lib/gcc/arm-none-eabi/7.3.1/../../../../arm-none-eabi/lib/thumb/v7-m\libc_nano.a
LOAD c:/st/stm32cubeide_1.4.0/stm32cubeide/plugins/com.st.stm32cube.ide.mcu.externaltools.gnu-tools-for-stm32.7-2018-q2-update.win32_1.4.0.202007081208/tools/bin/../lib/gcc/arm-none-eabi/7.3.1/../../../../arm-none-eabi/lib/thumb/v7-m\libm.a
END GROUP
START GROUP
LOAD c:/st/stm32cubeide_1.4.0/stm32cubeide/plugins/com.st.stm32cube.ide.mcu.externaltools.gnu-tools-for-stm32.7-2018-q2-update.win32_1.4.0.202007081208/tools/bin/../lib/gcc/arm-none-eabi/7.3.1/thumb/v7-m\libgcc.a
LOAD c:/st/stm32cubeide_1.4.0/stm32cubeide/plugins/com.st.stm32cube.ide.mcu.externaltools.gnu-tools-for-stm32.7-2018-q2-update.win32_1.4.0.202007081208/tools/bin/../lib/gcc/arm-none-eabi/7.3.1/../../../../arm-none-eabi/lib/thumb/v7-m\libg_nano.a
LOAD c:/st/stm32cubeide_1.4.0/stm32cubeide/plugins/com.st.stm32cube.ide.mcu.externaltools.gnu-tools-for-stm32.7-2018-q2-update.win32_1.4.0.202007081208/tools/bin/../lib/gcc/arm-none-eabi/7.3.1/../../../../arm-none-eabi/lib/thumb/v7-m\libc_nano.a
END GROUP
START GROUP
LOAD c:/st/stm32cubeide_1.4.0/stm32cubeide/plugins/com.st.stm32cube.ide.mcu.externaltools.gnu-tools-for-stm32.7-2018-q2-update.win32_1.4.0.202007081208/tools/bin/../lib/gcc/arm-none-eabi/7.3.1/thumb/v7-m\libgcc.a
LOAD c:/st/stm32cubeide_1.4.0/stm32cubeide/plugins/com.st.stm32cube.ide.mcu.externaltools.gnu-tools-for-stm32.7-2018-q2-update.win32_1.4.0.202007081208/tools/bin/../lib/gcc/arm-none-eabi/7.3.1/../../../../arm-none-eabi/lib/thumb/v7-m\libc_nano.a
LOAD c:/st/stm32cubeide_1.4.0/stm32cubeide/plugins/com.st.stm32cube.ide.mcu.externaltools.gnu-tools-for-stm32.7-2018-q2-update.win32_1.4.0.202007081208/tools/bin/../lib/gcc/arm-none-eabi/7.3.1/../../../../arm-none-eabi/lib/thumb/v7-m\libnosys.a
END GROUP
START GROUP
LOAD c:/st/stm32cubeide_1.4.0/stm32cubeide/plugins/com.st.stm32cube.ide.mcu.externaltools.gnu-tools-for-stm32.7-2018-q2-update.win32_1.4.0.202007081208/tools/bin/../lib/gcc/arm-none-eabi/7.3.1/thumb/v7-m\libgcc.a
LOAD c:/st/stm32cubeide_1.4.0/stm32cubeide/plugins/com.st.stm32cube.ide.mcu.externaltools.gnu-tools-for-stm32.7-2018-q2-update.win32_1.4.0.202007081208/tools/bin/../lib/gcc/arm-none-eabi/7.3.1/../../../../arm-none-eabi/lib/thumb/v7-m\libc_nano.a
LOAD c:/st/stm32cubeide_1.4.0/stm32cubeide/plugins/com.st.stm32cube.ide.mcu.externaltools.gnu-tools-for-stm32.7-2018-q2-update.win32_1.4.0.202007081208/tools/bin/../lib/gcc/arm-none-eabi/7.3.1/../../../../arm-none-eabi/lib/thumb/v7-m\libnosys.a
END GROUP
LOAD c:/st/stm32cubeide_1.4.0/stm32cubeide/plugins/com.st.stm32cube.ide.mcu.externaltools.gnu-tools-for-stm32.7-2018-q2-update.win32_1.4.0.202007081208/tools/bin/../lib/gcc/arm-none-eabi/7.3.1/thumb/v7-m/crtend.o
LOAD c:/st/stm32cubeide_1.4.0/stm32cubeide/plugins/com.st.stm32cube.ide.mcu.externaltools.gnu-tools-for-stm32.7-2018-q2-update.win32_1.4.0.202007081208/tools/bin/../lib/gcc/arm-none-eabi/7.3.1/thumb/v7-m/crtn.o
                0x0000000020002800                _estack = (ORIGIN (RAM) + LENGTH (RAM))
                0x0000000000000200                _Min_Heap_Size = 0x200
                0x0000000000000400                _Min_Stack_Size = 0x400

.isr_vector     0x0000000008000000      0x130
                0x0000000008000000                . = ALIGN (0x4)
 *(.isr_vector)
 .isr_vector    0x0000000008000000      0x130 Startup/startup_stm32f103c6tx.o
                0x0000000008000000                g_pfnVectors
                0x0000000008000130                . = ALIGN (0x4)

.text           0x0000000008000130      0xd38
                0x0000000008000130                . = ALIGN (0x4)
 *(.text)
 .text          0x0000000008000130       0x40 c:/st/stm32cubeide_1.4.0/stm32cubeide/plugins/com.st.stm32cube.ide.mcu.externaltools.gnu-tools-for-stm32.7-2018-q2-update.win32_1.4.0.202007081208/tools/bin/../lib/gcc/arm-none-eabi/7.3.1/thumb/v7-m/crtbegin.o
 *(.text*)
 .text.MAHMOUD_SPI_IRQ_Callback
                0x0000000008000170       0x30 Src/main.o
                0x0000000008000170                MAHMOUD_SPI_IRQ_Callback
 .text.UART_IRQ_Callback
                0x00000000080001a0        0xc Src/main.o
                0x00000000080001a0                UART_IRQ_Callback
 .text.main     0x00000000080001ac       0x8c Src/main.o
                0x00000000080001ac                main
 .text.Enable_Clock
                0x0000000008000238       0x34 Src/main.o
                0x0000000008000238                Enable_Clock
 .text.Reset_Handler
                0x000000000800026c       0x50 Startup/startup_stm32f103c6tx.o
                0x000000000800026c                Reset_Handler
 .text.Default_Handler
                0x00000000080002bc        0x2 Startup/startup_stm32f103c6tx.o
                0x00000000080002bc                TIM8_TRG_COM_IRQHandler
                0x00000000080002bc                TIM8_CC_IRQHandler
                0x00000000080002bc                DebugMon_Handler
                0x00000000080002bc                TIM1_CC_IRQHandler
                0x00000000080002bc                HardFault_Handler
                0x00000000080002bc                TIM6_IRQHandler
                0x00000000080002bc                SysTick_Handler
                0x00000000080002bc                PVD_IRQHandler
                0x00000000080002bc                SDIO_IRQHandler
                0x00000000080002bc                PendSV_Handler
                0x00000000080002bc                NMI_Handler
                0x00000000080002bc                USB_HP_CAN_TX_IRQHandler
                0x00000000080002bc                I2C2_EV_IRQHandler
                0x00000000080002bc                UsageFault_Handler
                0x00000000080002bc                ADC1_2_IRQHandler
                0x00000000080002bc                CAN_SCE_IRQHandler
                0x00000000080002bc                TAMPER_IRQHandler
                0x00000000080002bc                TIM8_UP_IRQHandler
                0x00000000080002bc                DMA2_Channel2_IRQHandler
                0x00000000080002bc                DMA1_Channel4_IRQHandler
                0x00000000080002bc                RTC_IRQHandler
                0x00000000080002bc                DMA1_Channel7_IRQHandler
                0x00000000080002bc                UART5_IRQHandler
                0x00000000080002bc                ADC3_IRQHandler
                0x00000000080002bc                TIM4_IRQHandler
                0x00000000080002bc                CAN_RX1_IRQHandler
                0x00000000080002bc                DMA2_Channel1_IRQHandler
                0x00000000080002bc                I2C1_EV_IRQHandler
                0x00000000080002bc                DMA1_Channel6_IRQHandler
                0x00000000080002bc                UART4_IRQHandler
                0x00000000080002bc                TIM3_IRQHandler
                0x00000000080002bc                RCC_IRQHandler
                0x00000000080002bc                TIM1_TRG_COM_IRQHandler
                0x00000000080002bc                DMA1_Channel1_IRQHandler
                0x00000000080002bc                Default_Handler
                0x00000000080002bc                TIM7_IRQHandler
                0x00000000080002bc                TIM5_IRQHandler
                0x00000000080002bc                USB_LP_CAN_RX0_IRQHandler
                0x00000000080002bc                MemManage_Handler
                0x00000000080002bc                SVC_Handler
                0x00000000080002bc                DMA1_Channel5_IRQHandler
                0x00000000080002bc                DMA1_Channel3_IRQHandler
                0x00000000080002bc                FSMC_IRQHandler
                0x00000000080002bc                TIM1_UP_IRQHandler
                0x00000000080002bc                WWDG_IRQHandler
                0x00000000080002bc                TIM2_IRQHandler
                0x00000000080002bc                TIM1_BRK_IRQHandler
                0x00000000080002bc                RTCAlarm_IRQHandler
                0x00000000080002bc                DMA2_Channel4_5_IRQHandler
                0x00000000080002bc                I2C2_ER_IRQHandler
                0x00000000080002bc                DMA1_Channel2_IRQHandler
                0x00000000080002bc                TIM8_BRK_IRQHandler
                0x00000000080002bc                FLASH_IRQHandler
                0x00000000080002bc                BusFault_Handler
                0x00000000080002bc                I2C1_ER_IRQHandler
                0x00000000080002bc                DMA2_Channel3_IRQHandler
 *fill*         0x00000000080002be        0x2 
 .text.EXTI0_IRQHandler
                0x00000000080002c0       0x1c Stm32_F103C6_Drivers/EXTI/Stm32f103x8_EXTI_drivers.o
                0x00000000080002c0                EXTI0_IRQHandler
 .text.EXTI1_IRQHandler
                0x00000000080002dc       0x1c Stm32_F103C6_Drivers/EXTI/Stm32f103x8_EXTI_drivers.o
                0x00000000080002dc                EXTI1_IRQHandler
 .text.EXTI2_IRQHandler
                0x00000000080002f8       0x1c Stm32_F103C6_Drivers/EXTI/Stm32f103x8_EXTI_drivers.o
                0x00000000080002f8                EXTI2_IRQHandler
 .text.EXTI3_IRQHandler
                0x0000000008000314       0x1c Stm32_F103C6_Drivers/EXTI/Stm32f103x8_EXTI_drivers.o
                0x0000000008000314                EXTI3_IRQHandler
 .text.EXTI4_IRQHandler
                0x0000000008000330       0x1c Stm32_F103C6_Drivers/EXTI/Stm32f103x8_EXTI_drivers.o
                0x0000000008000330                EXTI4_IRQHandler
 .text.EXTI9_5_IRQHandler
                0x000000000800034c       0x8c Stm32_F103C6_Drivers/EXTI/Stm32f103x8_EXTI_drivers.o
                0x000000000800034c                EXTI9_5_IRQHandler
 .text.EXTI15_10_IRQHandler
                0x00000000080003d8       0xc4 Stm32_F103C6_Drivers/EXTI/Stm32f103x8_EXTI_drivers.o
                0x00000000080003d8                EXTI15_10_IRQHandler
 .text.get_pin  0x000000000800049c       0xc4 Stm32_F103C6_Drivers/GPIO/Stm32f103x8_gpio_drivers.o
                0x000000000800049c                get_pin
 .text.GPIOx_init
                0x0000000008000560       0xfc Stm32_F103C6_Drivers/GPIO/Stm32f103x8_gpio_drivers.o
                0x0000000008000560                GPIOx_init
 .text.MCAL_RCC_GET_SYSCLK
                0x000000000800065c       0x3c Stm32_F103C6_Drivers/RCC/Stm32f103x8_RCC_drivers.o
                0x000000000800065c                MCAL_RCC_GET_SYSCLK
 .text.MCAL_RCC_GET_AHB
                0x0000000008000698       0x28 Stm32_F103C6_Drivers/RCC/Stm32f103x8_RCC_drivers.o
                0x0000000008000698                MCAL_RCC_GET_AHB
 .text.MCAL_RCC_GET_PCLK1
                0x00000000080006c0       0x28 Stm32_F103C6_Drivers/RCC/Stm32f103x8_RCC_drivers.o
                0x00000000080006c0                MCAL_RCC_GET_PCLK1
 .text.MCAL_RCC_GET_PCLK2
                0x00000000080006e8       0x28 Stm32_F103C6_Drivers/RCC/Stm32f103x8_RCC_drivers.o
                0x00000000080006e8                MCAL_RCC_GET_PCLK2
 .text.MCAL_SPI_Init
                0x0000000008000710      0x16c Stm32_F103C6_Drivers/SPI/Stm32f103x8_SPI_drivers.o
                0x0000000008000710                MCAL_SPI_Init
 .text.MCAL_SPI_GPIO_Set_Pins
                0x000000000800087c      0x200 Stm32_F103C6_Drivers/SPI/Stm32f103x8_SPI_drivers.o
                0x000000000800087c                MCAL_SPI_GPIO_Set_Pins
 .text.MCAL_SPI_Tx_Rx
                0x0000000008000a7c       0x40 Stm32_F103C6_Drivers/SPI/Stm32f103x8_SPI_drivers.o
                0x0000000008000a7c                MCAL_SPI_Tx_Rx
 .text.SPI1_IRQHandler
                0x0000000008000abc       0x14 Stm32_F103C6_Drivers/SPI/Stm32f103x8_SPI_drivers.o
                0x0000000008000abc                SPI1_IRQHandler
 .text.SPI2_IRQHandler
                0x0000000008000ad0       0x14 Stm32_F103C6_Drivers/SPI/Stm32f103x8_SPI_drivers.o
                0x0000000008000ad0                SPI2_IRQHandler
 .text.SPI3_IRQHandler
                0x0000000008000ae4       0x14 Stm32_F103C6_Drivers/SPI/Stm32f103x8_SPI_drivers.o
                0x0000000008000ae4                SPI3_IRQHandler
 .text.MCAL_UART_Init
                0x0000000008000af8      0x1c4 Stm32_F103C6_Drivers/USART/Stm32f103x8_USART_drivers.o
                0x0000000008000af8                MCAL_UART_Init
 .text.MCAL_UART_GPIO_Set_Pins
                0x0000000008000cbc       0xcc Stm32_F103C6_Drivers/USART/Stm32f103x8_USART_drivers.o
                0x0000000008000cbc                MCAL_UART_GPIO_Set_Pins
 .text.MCAL_UART_SendData
                0x0000000008000d88       0x44 Stm32_F103C6_Drivers/USART/Stm32f103x8_USART_drivers.o
                0x0000000008000d88                MCAL_UART_SendData
 .text.USART1_IRQHandler
                0x0000000008000dcc       0x14 Stm32_F103C6_Drivers/USART/Stm32f103x8_USART_drivers.o
                0x0000000008000dcc                USART1_IRQHandler
 .text.USART2_IRQHandler
                0x0000000008000de0       0x14 Stm32_F103C6_Drivers/USART/Stm32f103x8_USART_drivers.o
                0x0000000008000de0                USART2_IRQHandler
 .text.USART3_IRQHandler
                0x0000000008000df4       0x14 Stm32_F103C6_Drivers/USART/Stm32f103x8_USART_drivers.o
                0x0000000008000df4                USART3_IRQHandler
 .text.__libc_init_array
                0x0000000008000e08       0x48 c:/st/stm32cubeide_1.4.0/stm32cubeide/plugins/com.st.stm32cube.ide.mcu.externaltools.gnu-tools-for-stm32.7-2018-q2-update.win32_1.4.0.202007081208/tools/bin/../lib/gcc/arm-none-eabi/7.3.1/../../../../arm-none-eabi/lib/thumb/v7-m\libc_nano.a(lib_a-init.o)
                0x0000000008000e08                __libc_init_array
 *(.glue_7)
 .glue_7        0x0000000008000e50        0x0 linker stubs
 *(.glue_7t)
 .glue_7t       0x0000000008000e50        0x0 linker stubs
 *(.eh_frame)
 .eh_frame      0x0000000008000e50        0x0 c:/st/stm32cubeide_1.4.0/stm32cubeide/plugins/com.st.stm32cube.ide.mcu.externaltools.gnu-tools-for-stm32.7-2018-q2-update.win32_1.4.0.202007081208/tools/bin/../lib/gcc/arm-none-eabi/7.3.1/thumb/v7-m/crtbegin.o
 *(.init)
 .init          0x0000000008000e50        0x4 c:/st/stm32cubeide_1.4.0/stm32cubeide/plugins/com.st.stm32cube.ide.mcu.externaltools.gnu-tools-for-stm32.7-2018-q2-update.win32_1.4.0.202007081208/tools/bin/../lib/gcc/arm-none-eabi/7.3.1/thumb/v7-m/crti.o
                0x0000000008000e50                _init
 .init          0x0000000008000e54        0x8 c:/st/stm32cubeide_1.4.0/stm32cubeide/plugins/com.st.stm32cube.ide.mcu.externaltools.gnu-tools-for-stm32.7-2018-q2-update.win32_1.4.0.202007081208/tools/bin/../lib/gcc/arm-none-eabi/7.3.1/thumb/v7-m/crtn.o
 *(.fini)
 .fini          0x0000000008000e5c        0x4 c:/st/stm32cubeide_1.4.0/stm32cubeide/plugins/com.st.stm32cube.ide.mcu.externaltools.gnu-tools-for-stm32.7-2018-q2-update.win32_1.4.0.202007081208/tools/bin/../lib/gcc/arm-none-eabi/7.3.1/thumb/v7-m/crti.o
                0x0000000008000e5c                _fini
 .fini          0x0000000008000e60        0x8 c:/st/stm32cubeide_1.4.0/stm32cubeide/plugins/com.st.stm32cube.ide.mcu.externaltools.gnu-tools-for-stm32.7-2018-q2-update.win32_1.4.0.202007081208/tools/bin/../lib/gcc/arm-none-eabi/7.3.1/thumb/v7-m/crtn.o
                0x0000000008000e68                . = ALIGN (0x4)
                0x0000000008000e68                _etext = .

.vfp11_veneer   0x0000000008000e68        0x0
 .vfp11_veneer  0x0000000008000e68        0x0 linker stubs

.v4_bx          0x0000000008000e68        0x0
 .v4_bx         0x0000000008000e68        0x0 linker stubs

.iplt           0x0000000008000e68        0x0
 .iplt          0x0000000008000e68        0x0 c:/st/stm32cubeide_1.4.0/stm32cubeide/plugins/com.st.stm32cube.ide.mcu.externaltools.gnu-tools-for-stm32.7-2018-q2-update.win32_1.4.0.202007081208/tools/bin/../lib/gcc/arm-none-eabi/7.3.1/thumb/v7-m/crtbegin.o

.rodata         0x0000000008000e68       0x1c
                0x0000000008000e68                . = ALIGN (0x4)
 *(.rodata)
 *(.rodata*)
 .rodata.APB    0x0000000008000e68        0x8 Stm32_F103C6_Drivers/RCC/Stm32f103x8_RCC_drivers.o
                0x0000000008000e68                APB
 .rodata.AHB    0x0000000008000e70       0x14 Stm32_F103C6_Drivers/RCC/Stm32f103x8_RCC_drivers.o
                0x0000000008000e70                AHB
                0x0000000008000e84                . = ALIGN (0x4)

.rel.dyn        0x0000000008000e84        0x0
 .rel.iplt      0x0000000008000e84        0x0 c:/st/stm32cubeide_1.4.0/stm32cubeide/plugins/com.st.stm32cube.ide.mcu.externaltools.gnu-tools-for-stm32.7-2018-q2-update.win32_1.4.0.202007081208/tools/bin/../lib/gcc/arm-none-eabi/7.3.1/thumb/v7-m/crtbegin.o

.ARM.extab      0x0000000008000e84        0x0
                0x0000000008000e84                . = ALIGN (0x4)
 *(.ARM.extab* .gnu.linkonce.armextab.*)
                0x0000000008000e84                . = ALIGN (0x4)

.ARM            0x0000000008000e84        0x0
                0x0000000008000e84                . = ALIGN (0x4)
                0x0000000008000e84                __exidx_start = .
 *(.ARM.exidx*)
                0x0000000008000e84                __exidx_end = .
                0x0000000008000e84                . = ALIGN (0x4)

.preinit_array  0x0000000008000e84        0x0
                0x0000000008000e84                . = ALIGN (0x4)
                0x0000000008000e84                PROVIDE (__preinit_array_start = .)
 *(.preinit_array*)
                0x0000000008000e84                PROVIDE (__preinit_array_end = .)
                0x0000000008000e84                . = ALIGN (0x4)

.init_array     0x0000000008000e84        0x4
                0x0000000008000e84                . = ALIGN (0x4)
                0x0000000008000e84                PROVIDE (__init_array_start = .)
 *(SORT_BY_NAME(.init_array.*))
 *(.init_array*)
 .init_array    0x0000000008000e84        0x4 c:/st/stm32cubeide_1.4.0/stm32cubeide/plugins/com.st.stm32cube.ide.mcu.externaltools.gnu-tools-for-stm32.7-2018-q2-update.win32_1.4.0.202007081208/tools/bin/../lib/gcc/arm-none-eabi/7.3.1/thumb/v7-m/crtbegin.o
                0x0000000008000e88                PROVIDE (__init_array_end = .)
                0x0000000008000e88                . = ALIGN (0x4)

.fini_array     0x0000000008000e88        0x4
                0x0000000008000e88                . = ALIGN (0x4)
                [!provide]                        PROVIDE (__fini_array_start = .)
 *(SORT_BY_NAME(.fini_array.*))
 *(.fini_array*)
 .fini_array    0x0000000008000e88        0x4 c:/st/stm32cubeide_1.4.0/stm32cubeide/plugins/com.st.stm32cube.ide.mcu.externaltools.gnu-tools-for-stm32.7-2018-q2-update.win32_1.4.0.202007081208/tools/bin/../lib/gcc/arm-none-eabi/7.3.1/thumb/v7-m/crtbegin.o
                [!provide]                        PROVIDE (__fini_array_end = .)
                0x0000000008000e8c                . = ALIGN (0x4)
                0x0000000008000e8c                _sidata = LOADADDR (.data)

.data           0x0000000020000000        0x0 load address 0x0000000008000e8c
                0x0000000020000000                . = ALIGN (0x4)
                0x0000000020000000                _sdata = .
 *(.data)
 *(.data*)
                0x0000000020000000                . = ALIGN (0x4)
                0x0000000020000000                _edata = .

.igot.plt       0x0000000020000000        0x0 load address 0x0000000008000e8c
 .igot.plt      0x0000000020000000        0x0 c:/st/stm32cubeide_1.4.0/stm32cubeide/plugins/com.st.stm32cube.ide.mcu.externaltools.gnu-tools-for-stm32.7-2018-q2-update.win32_1.4.0.202007081208/tools/bin/../lib/gcc/arm-none-eabi/7.3.1/thumb/v7-m/crtbegin.o
                0x0000000020000000                . = ALIGN (0x4)

.bss            0x0000000020000000       0x68 load address 0x0000000008000e8c
                0x0000000020000000                _sbss = .
                0x0000000020000000                __bss_start__ = _sbss
 *(.bss)
 .bss           0x0000000020000000       0x1c c:/st/stm32cubeide_1.4.0/stm32cubeide/plugins/com.st.stm32cube.ide.mcu.externaltools.gnu-tools-for-stm32.7-2018-q2-update.win32_1.4.0.202007081208/tools/bin/../lib/gcc/arm-none-eabi/7.3.1/thumb/v7-m/crtbegin.o
 *(.bss*)
 .bss.SPI_confige
                0x000000002000001c        0x4 Stm32_F103C6_Drivers/SPI/Stm32f103x8_SPI_drivers.o
                0x000000002000001c                SPI_confige
 .bss.USART_confige
                0x0000000020000020        0x4 Stm32_F103C6_Drivers/USART/Stm32f103x8_USART_drivers.o
                0x0000000020000020                USART_confige
 *(COMMON)
 COMMON         0x0000000020000024        0x5 Src/main.o
                0x0000000020000024                GPIO_Pinconfige
                0x0000000020000028                ch
 *fill*         0x0000000020000029        0x3 
 COMMON         0x000000002000002c       0x3c Stm32_F103C6_Drivers/EXTI/Stm32f103x8_EXTI_drivers.o
                0x000000002000002c                Gp_call_back_func
                0x0000000020000068                . = ALIGN (0x4)
                0x0000000020000068                _ebss = .
                0x0000000020000068                __bss_end__ = _ebss

._user_heap_stack
                0x0000000020000068      0x600 load address 0x0000000008000e8c
                0x0000000020000068                . = ALIGN (0x8)
                [!provide]                        PROVIDE (end = .)
                0x0000000020000068                PROVIDE (_end = .)
                0x0000000020000268                . = (. + _Min_Heap_Size)
 *fill*         0x0000000020000068      0x200 
                0x0000000020000668                . = (. + _Min_Stack_Size)
 *fill*         0x0000000020000268      0x400 
                0x0000000020000668                . = ALIGN (0x8)

/DISCARD/
 libc.a(*)
 libm.a(*)
 libgcc.a(*)

.ARM.attributes
                0x0000000000000000       0x29
 *(.ARM.attributes)
 .ARM.attributes
                0x0000000000000000       0x1d c:/st/stm32cubeide_1.4.0/stm32cubeide/plugins/com.st.stm32cube.ide.mcu.externaltools.gnu-tools-for-stm32.7-2018-q2-update.win32_1.4.0.202007081208/tools/bin/../lib/gcc/arm-none-eabi/7.3.1/thumb/v7-m/crti.o
 .ARM.attributes
                0x000000000000001d       0x2d c:/st/stm32cubeide_1.4.0/stm32cubeide/plugins/com.st.stm32cube.ide.mcu.externaltools.gnu-tools-for-stm32.7-2018-q2-update.win32_1.4.0.202007081208/tools/bin/../lib/gcc/arm-none-eabi/7.3.1/thumb/v7-m/crtbegin.o
 .ARM.attributes
                0x000000000000004a       0x33 Src/main.o
 .ARM.attributes
                0x000000000000007d       0x21 Startup/startup_stm32f103c6tx.o
 .ARM.attributes
                0x000000000000009e       0x33 Stm32_F103C6_Drivers/EXTI/Stm32f103x8_EXTI_drivers.o
 .ARM.attributes
                0x00000000000000d1       0x33 Stm32_F103C6_Drivers/GPIO/Stm32f103x8_gpio_drivers.o
 .ARM.attributes
                0x0000000000000104       0x33 Stm32_F103C6_Drivers/RCC/Stm32f103x8_RCC_drivers.o
 .ARM.attributes
                0x0000000000000137       0x33 Stm32_F103C6_Drivers/SPI/Stm32f103x8_SPI_drivers.o
 .ARM.attributes
                0x000000000000016a       0x33 Stm32_F103C6_Drivers/USART/Stm32f103x8_USART_drivers.o
 .ARM.attributes
                0x000000000000019d       0x2d c:/st/stm32cubeide_1.4.0/stm32cubeide/plugins/com.st.stm32cube.ide.mcu.externaltools.gnu-tools-for-stm32.7-2018-q2-update.win32_1.4.0.202007081208/tools/bin/../lib/gcc/arm-none-eabi/7.3.1/../../../../arm-none-eabi/lib/thumb/v7-m\libc_nano.a(lib_a-init.o)
 .ARM.attributes
                0x00000000000001ca       0x1d c:/st/stm32cubeide_1.4.0/stm32cubeide/plugins/com.st.stm32cube.ide.mcu.externaltools.gnu-tools-for-stm32.7-2018-q2-update.win32_1.4.0.202007081208/tools/bin/../lib/gcc/arm-none-eabi/7.3.1/thumb/v7-m/crtn.o
OUTPUT(Drivers.elf elf32-littlearm)

.debug_info     0x0000000000000000     0x5052
 .debug_info    0x0000000000000000      0xd1f Src/main.o
 .debug_info    0x0000000000000d1f       0x22 Startup/startup_stm32f103c6tx.o
 .debug_info    0x0000000000000d41      0xdb0 Stm32_F103C6_Drivers/EXTI/Stm32f103x8_EXTI_drivers.o
 .debug_info    0x0000000000001af1      0xd59 Stm32_F103C6_Drivers/GPIO/Stm32f103x8_gpio_drivers.o
 .debug_info    0x000000000000284a      0xb04 Stm32_F103C6_Drivers/RCC/Stm32f103x8_RCC_drivers.o
 .debug_info    0x000000000000334e      0xf04 Stm32_F103C6_Drivers/SPI/Stm32f103x8_SPI_drivers.o
 .debug_info    0x0000000000004252      0xe00 Stm32_F103C6_Drivers/USART/Stm32f103x8_USART_drivers.o

.debug_abbrev   0x0000000000000000      0xc6c
 .debug_abbrev  0x0000000000000000      0x20a Src/main.o
 .debug_abbrev  0x000000000000020a       0x12 Startup/startup_stm32f103c6tx.o
 .debug_abbrev  0x000000000000021c      0x221 Stm32_F103C6_Drivers/EXTI/Stm32f103x8_EXTI_drivers.o
 .debug_abbrev  0x000000000000043d      0x232 Stm32_F103C6_Drivers/GPIO/Stm32f103x8_gpio_drivers.o
 .debug_abbrev  0x000000000000066f      0x194 Stm32_F103C6_Drivers/RCC/Stm32f103x8_RCC_drivers.o
 .debug_abbrev  0x0000000000000803      0x233 Stm32_F103C6_Drivers/SPI/Stm32f103x8_SPI_drivers.o
 .debug_abbrev  0x0000000000000a36      0x236 Stm32_F103C6_Drivers/USART/Stm32f103x8_USART_drivers.o

.debug_loc      0x0000000000000000      0xd94
 .debug_loc     0x0000000000000000       0xec Src/main.o
 .debug_loc     0x00000000000000ec      0x320 Stm32_F103C6_Drivers/EXTI/Stm32f103x8_EXTI_drivers.o
 .debug_loc     0x000000000000040c      0x330 Stm32_F103C6_Drivers/GPIO/Stm32f103x8_gpio_drivers.o
 .debug_loc     0x000000000000073c       0xc8 Stm32_F103C6_Drivers/RCC/Stm32f103x8_RCC_drivers.o
 .debug_loc     0x0000000000000804      0x2fc Stm32_F103C6_Drivers/SPI/Stm32f103x8_SPI_drivers.o
 .debug_loc     0x0000000000000b00      0x294 Stm32_F103C6_Drivers/USART/Stm32f103x8_USART_drivers.o

.debug_aranges  0x0000000000000000      0x240
 .debug_aranges
                0x0000000000000000       0x38 Src/main.o
 .debug_aranges
                0x0000000000000038       0x28 Startup/startup_stm32f103c6tx.o
 .debug_aranges
                0x0000000000000060       0x80 Stm32_F103C6_Drivers/EXTI/Stm32f103x8_EXTI_drivers.o
 .debug_aranges
                0x00000000000000e0       0x60 Stm32_F103C6_Drivers/GPIO/Stm32f103x8_gpio_drivers.o
 .debug_aranges
                0x0000000000000140       0x38 Stm32_F103C6_Drivers/RCC/Stm32f103x8_RCC_drivers.o
 .debug_aranges
                0x0000000000000178       0x68 Stm32_F103C6_Drivers/SPI/Stm32f103x8_SPI_drivers.o
 .debug_aranges
                0x00000000000001e0       0x60 Stm32_F103C6_Drivers/USART/Stm32f103x8_USART_drivers.o

.debug_ranges   0x0000000000000000      0x1d8
 .debug_ranges  0x0000000000000000       0x28 Src/main.o
 .debug_ranges  0x0000000000000028       0x20 Startup/startup_stm32f103c6tx.o
 .debug_ranges  0x0000000000000048       0x70 Stm32_F103C6_Drivers/EXTI/Stm32f103x8_EXTI_drivers.o
 .debug_ranges  0x00000000000000b8       0x50 Stm32_F103C6_Drivers/GPIO/Stm32f103x8_gpio_drivers.o
 .debug_ranges  0x0000000000000108       0x28 Stm32_F103C6_Drivers/RCC/Stm32f103x8_RCC_drivers.o
 .debug_ranges  0x0000000000000130       0x58 Stm32_F103C6_Drivers/SPI/Stm32f103x8_SPI_drivers.o
 .debug_ranges  0x0000000000000188       0x50 Stm32_F103C6_Drivers/USART/Stm32f103x8_USART_drivers.o

.debug_macro    0x0000000000000000     0x162c
 .debug_macro   0x0000000000000000      0x245 Src/main.o
 .debug_macro   0x0000000000000245       0x1c Src/main.o
 .debug_macro   0x0000000000000261       0x35 Src/main.o
 .debug_macro   0x0000000000000296       0x10 Src/main.o
 .debug_macro   0x00000000000002a6       0x10 Src/main.o
 .debug_macro   0x00000000000002b6       0x1c Src/main.o
 .debug_macro   0x00000000000002d2       0x52 Src/main.o
 .debug_macro   0x0000000000000324       0x40 Src/main.o
 .debug_macro   0x0000000000000364       0x10 Src/main.o
 .debug_macro   0x0000000000000374       0x40 Src/main.o
 .debug_macro   0x00000000000003b4       0xd7 Src/main.o
 .debug_macro   0x000000000000048b       0x1c Src/main.o
 .debug_macro   0x00000000000004a7       0x3d Src/main.o
 .debug_macro   0x00000000000004e4       0x16 Src/main.o
 .debug_macro   0x00000000000004fa      0x145 Src/main.o
 .debug_macro   0x000000000000063f      0x33c Src/main.o
 .debug_macro   0x000000000000097b       0xd6 Src/main.o
 .debug_macro   0x0000000000000a51      0x21b Src/main.o
 .debug_macro   0x0000000000000c6c       0x16 Src/main.o
 .debug_macro   0x0000000000000c82       0xe2 Src/main.o
 .debug_macro   0x0000000000000d64       0xc4 Src/main.o
 .debug_macro   0x0000000000000e28       0xa6 Src/main.o
 .debug_macro   0x0000000000000ece      0x158 Stm32_F103C6_Drivers/EXTI/Stm32f103x8_EXTI_drivers.o
 .debug_macro   0x0000000000001026      0x145 Stm32_F103C6_Drivers/GPIO/Stm32f103x8_gpio_drivers.o
 .debug_macro   0x000000000000116b      0x145 Stm32_F103C6_Drivers/RCC/Stm32f103x8_RCC_drivers.o
 .debug_macro   0x00000000000012b0       0x10 Stm32_F103C6_Drivers/RCC/Stm32f103x8_RCC_drivers.o
 .debug_macro   0x00000000000012c0      0x157 Stm32_F103C6_Drivers/SPI/Stm32f103x8_SPI_drivers.o
 .debug_macro   0x0000000000001417       0xbe Stm32_F103C6_Drivers/SPI/Stm32f103x8_SPI_drivers.o
 .debug_macro   0x00000000000014d5      0x157 Stm32_F103C6_Drivers/USART/Stm32f103x8_USART_drivers.o

.debug_line     0x0000000000000000     0x295c
 .debug_line    0x0000000000000000      0x789 Src/main.o
 .debug_line    0x0000000000000789       0x84 Startup/startup_stm32f103c6tx.o
 .debug_line    0x000000000000080d      0x74a Stm32_F103C6_Drivers/EXTI/Stm32f103x8_EXTI_drivers.o
 .debug_line    0x0000000000000f57      0x67c Stm32_F103C6_Drivers/GPIO/Stm32f103x8_gpio_drivers.o
 .debug_line    0x00000000000015d3      0x5a9 Stm32_F103C6_Drivers/RCC/Stm32f103x8_RCC_drivers.o
 .debug_line    0x0000000000001b7c      0x6fe Stm32_F103C6_Drivers/SPI/Stm32f103x8_SPI_drivers.o
 .debug_line    0x000000000000227a      0x6e2 Stm32_F103C6_Drivers/USART/Stm32f103x8_USART_drivers.o

.debug_str      0x0000000000000000     0xbc8f
 .debug_str     0x0000000000000000     0xb5b9 Src/main.o
                                       0xb859 (size before relaxing)
 .debug_str     0x000000000000b5b9       0x6b Startup/startup_stm32f103c6tx.o
 .debug_str     0x000000000000b624      0x278 Stm32_F103C6_Drivers/EXTI/Stm32f103x8_EXTI_drivers.o
                                       0x98aa (size before relaxing)
 .debug_str     0x000000000000b89c       0xec Stm32_F103C6_Drivers/GPIO/Stm32f103x8_gpio_drivers.o
                                       0x85a7 (size before relaxing)
 .debug_str     0x000000000000b988       0x81 Stm32_F103C6_Drivers/RCC/Stm32f103x8_RCC_drivers.o
                                       0x811c (size before relaxing)
 .debug_str     0x000000000000ba09      0x17e Stm32_F103C6_Drivers/SPI/Stm32f103x8_SPI_drivers.o
                                       0x8c7e (size before relaxing)
 .debug_str     0x000000000000bb87      0x108 Stm32_F103C6_Drivers/USART/Stm32f103x8_USART_drivers.o
                                       0x8d40 (size before relaxing)

.comment        0x0000000000000000       0x7b
 .comment       0x0000000000000000       0x7b Src/main.o
                                         0x7c (size before relaxing)
 .comment       0x000000000000007b       0x7c Stm32_F103C6_Drivers/EXTI/Stm32f103x8_EXTI_drivers.o
 .comment       0x000000000000007b       0x7c Stm32_F103C6_Drivers/GPIO/Stm32f103x8_gpio_drivers.o
 .comment       0x000000000000007b       0x7c Stm32_F103C6_Drivers/RCC/Stm32f103x8_RCC_drivers.o
 .comment       0x000000000000007b       0x7c Stm32_F103C6_Drivers/SPI/Stm32f103x8_SPI_drivers.o
 .comment       0x000000000000007b       0x7c Stm32_F103C6_Drivers/USART/Stm32f103x8_USART_drivers.o

.debug_frame    0x0000000000000000      0x728
 .debug_frame   0x0000000000000000       0x8c Src/main.o
 .debug_frame   0x000000000000008c      0x1b0 Stm32_F103C6_Drivers/EXTI/Stm32f103x8_EXTI_drivers.o
 .debug_frame   0x000000000000023c      0x178 Stm32_F103C6_Drivers/GPIO/Stm32f103x8_gpio_drivers.o
 .debug_frame   0x00000000000003b4       0x84 Stm32_F103C6_Drivers/RCC/Stm32f103x8_RCC_drivers.o
 .debug_frame   0x0000000000000438      0x178 Stm32_F103C6_Drivers/SPI/Stm32f103x8_SPI_drivers.o
 .debug_frame   0x00000000000005b0      0x14c Stm32_F103C6_Drivers/USART/Stm32f103x8_USART_drivers.o
 .debug_frame   0x00000000000006fc       0x2c c:/st/stm32cubeide_1.4.0/stm32cubeide/plugins/com.st.stm32cube.ide.mcu.externaltools.gnu-tools-for-stm32.7-2018-q2-update.win32_1.4.0.202007081208/tools/bin/../lib/gcc/arm-none-eabi/7.3.1/../../../../arm-none-eabi/lib/thumb/v7-m\libc_nano.a(lib_a-init.o)
