Archive member included to satisfy reference by file (symbol)

c:/st/stm32cubeide_1.4.0/stm32cubeide/plugins/com.st.stm32cube.ide.mcu.externaltools.gnu-tools-for-stm32.7-2018-q2-update.win32_1.4.0.202007081208/tools/bin/../lib/gcc/arm-none-eabi/7.3.1/../../../../arm-none-eabi/lib/thumb/v7-m\libc_nano.a(lib_a-errno.o)
                              Src/syscalls.o (__errno)
c:/st/stm32cubeide_1.4.0/stm32cubeide/plugins/com.st.stm32cube.ide.mcu.externaltools.gnu-tools-for-stm32.7-2018-q2-update.win32_1.4.0.202007081208/tools/bin/../lib/gcc/arm-none-eabi/7.3.1/../../../../arm-none-eabi/lib/thumb/v7-m\libc_nano.a(lib_a-exit.o)
                              c:/st/stm32cubeide_1.4.0/stm32cubeide/plugins/com.st.stm32cube.ide.mcu.externaltools.gnu-tools-for-stm32.7-2018-q2-update.win32_1.4.0.202007081208/tools/bin/../lib/gcc/arm-none-eabi/7.3.1/../../../../arm-none-eabi/lib/thumb/v7-m/crt0.o (exit)
c:/st/stm32cubeide_1.4.0/stm32cubeide/plugins/com.st.stm32cube.ide.mcu.externaltools.gnu-tools-for-stm32.7-2018-q2-update.win32_1.4.0.202007081208/tools/bin/../lib/gcc/arm-none-eabi/7.3.1/../../../../arm-none-eabi/lib/thumb/v7-m\libc_nano.a(lib_a-impure.o)
                              c:/st/stm32cubeide_1.4.0/stm32cubeide/plugins/com.st.stm32cube.ide.mcu.externaltools.gnu-tools-for-stm32.7-2018-q2-update.win32_1.4.0.202007081208/tools/bin/../lib/gcc/arm-none-eabi/7.3.1/../../../../arm-none-eabi/lib/thumb/v7-m\libc_nano.a(lib_a-exit.o) (_global_impure_ptr)
c:/st/stm32cubeide_1.4.0/stm32cubeide/plugins/com.st.stm32cube.ide.mcu.externaltools.gnu-tools-for-stm32.7-2018-q2-update.win32_1.4.0.202007081208/tools/bin/../lib/gcc/arm-none-eabi/7.3.1/../../../../arm-none-eabi/lib/thumb/v7-m\libc_nano.a(lib_a-init.o)
                              c:/st/stm32cubeide_1.4.0/stm32cubeide/plugins/com.st.stm32cube.ide.mcu.externaltools.gnu-tools-for-stm32.7-2018-q2-update.win32_1.4.0.202007081208/tools/bin/../lib/gcc/arm-none-eabi/7.3.1/../../../../arm-none-eabi/lib/thumb/v7-m/crt0.o (__libc_init_array)
c:/st/stm32cubeide_1.4.0/stm32cubeide/plugins/com.st.stm32cube.ide.mcu.externaltools.gnu-tools-for-stm32.7-2018-q2-update.win32_1.4.0.202007081208/tools/bin/../lib/gcc/arm-none-eabi/7.3.1/../../../../arm-none-eabi/lib/thumb/v7-m\libc_nano.a(lib_a-memset.o)
                              c:/st/stm32cubeide_1.4.0/stm32cubeide/plugins/com.st.stm32cube.ide.mcu.externaltools.gnu-tools-for-stm32.7-2018-q2-update.win32_1.4.0.202007081208/tools/bin/../lib/gcc/arm-none-eabi/7.3.1/../../../../arm-none-eabi/lib/thumb/v7-m/crt0.o (memset)

Allocating common symbols
Common symbol       size              file

_E_MSP              0x4               Src/main.o
_E_PSP_TaskA        0x4               Src/main.o
Ready_Queue         0x14              Ma7m0ud_RTOS/Scheduler.o
keypad_confg        0x4               HAL/KEYPAD/Keypad.o
_S_PSP_TaskA        0x4               Src/main.o
OS_Control_t        0x1ac             Ma7m0ud_RTOS/Scheduler.o
_E_PSP_TaskB        0x4               Src/main.o
MYRTOS_IDLE_TASK    0x44              Ma7m0ud_RTOS/Scheduler.o
_S_PSP_TaskB        0x4               Src/main.o
GPIO_Config         0x4               HAL/LCD/Lcd.o
Ready_Queue_FIFO    0x190             Ma7m0ud_RTOS/Scheduler.o
Gp_call_back_func   0x3c              Stm32_F103C6_Drivers/EXTI/Stm32f103x8_EXTI_drivers.o

Discarded input sections

 .text          0x0000000000000000        0x0 c:/st/stm32cubeide_1.4.0/stm32cubeide/plugins/com.st.stm32cube.ide.mcu.externaltools.gnu-tools-for-stm32.7-2018-q2-update.win32_1.4.0.202007081208/tools/bin/../lib/gcc/arm-none-eabi/7.3.1/thumb/v7-m/crti.o
 .data          0x0000000000000000        0x0 c:/st/stm32cubeide_1.4.0/stm32cubeide/plugins/com.st.stm32cube.ide.mcu.externaltools.gnu-tools-for-stm32.7-2018-q2-update.win32_1.4.0.202007081208/tools/bin/../lib/gcc/arm-none-eabi/7.3.1/thumb/v7-m/crti.o
 .bss           0x0000000000000000        0x0 c:/st/stm32cubeide_1.4.0/stm32cubeide/plugins/com.st.stm32cube.ide.mcu.externaltools.gnu-tools-for-stm32.7-2018-q2-update.win32_1.4.0.202007081208/tools/bin/../lib/gcc/arm-none-eabi/7.3.1/thumb/v7-m/crti.o
 .data          0x0000000000000000        0x4 c:/st/stm32cubeide_1.4.0/stm32cubeide/plugins/com.st.stm32cube.ide.mcu.externaltools.gnu-tools-for-stm32.7-2018-q2-update.win32_1.4.0.202007081208/tools/bin/../lib/gcc/arm-none-eabi/7.3.1/thumb/v7-m/crtbegin.o
 .text          0x0000000000000000       0x74 c:/st/stm32cubeide_1.4.0/stm32cubeide/plugins/com.st.stm32cube.ide.mcu.externaltools.gnu-tools-for-stm32.7-2018-q2-update.win32_1.4.0.202007081208/tools/bin/../lib/gcc/arm-none-eabi/7.3.1/../../../../arm-none-eabi/lib/thumb/v7-m/crt0.o
 .data          0x0000000000000000        0x0 c:/st/stm32cubeide_1.4.0/stm32cubeide/plugins/com.st.stm32cube.ide.mcu.externaltools.gnu-tools-for-stm32.7-2018-q2-update.win32_1.4.0.202007081208/tools/bin/../lib/gcc/arm-none-eabi/7.3.1/../../../../arm-none-eabi/lib/thumb/v7-m/crt0.o
[...]
Memory Configuration

Name             Origin             Length             Attributes
RAM              0x0000000020000000 0x0000000000002800 xrw
ROM              0x0000000008000000 0x0000000000008000 xr
*default*        0x0000000000000000 0xffffffffffffffff

Linker script and memory map

LOAD c:/st/stm32cubeide_1.4.0/stm32cubeide/plugins/com.st.stm32cube.ide.mcu.externaltools.gnu-tools-for-stm32.7-2018-q2-update.win32_1.4.0.202007081208/tools/bin/../lib/gcc/arm-none-eabi/7.3.1/thumb/v7-m/crti.o
LOAD c:/st/stm32cubeide_1.4.0/stm32cubeide/plugins/com.st.stm32cube.ide.mcu.externaltools.gnu-tools-for-stm32.7-2018-q2-update.win32_1.4.0.202007081208/tools/bin/../lib/gcc/arm-none-eabi/7.3.1/thumb/v7-m/crtbegin.o
LOAD c:/st/stm32cubeide_1.4.0/stm32cubeide/plugins/com.st.stm32cube.ide.mcu.externaltools.gnu-tools-for-stm32.7-2018-q2-update.win32_1.4.0.202007081208/tools/bin/../lib/gcc/arm-none-eabi/7.3.1/../../../../arm-none-eabi/lib/thumb/v7-m/crt0.o
LOAD HAL/KEYPAD/Keypad.o
LOAD HAL/LCD/Lcd.o
LOAD Ma7m0ud_RTOS/CortexMx_OS_Porting.o
LOAD Ma7m0ud_RTOS/MYRTOS_FIFO.o
LOAD Ma7m0ud_RTOS/Scheduler.o
LOAD Src/main.o
LOAD Src/syscalls.o
LOAD Src/sysmem.o
LOAD Startup/startup_stm32f103c6tx.o
LOAD Stm32_F103C6_Drivers/EXTI/Stm32f103x8_EXTI_drivers.o
LOAD Stm32_F103C6_Drivers/GPIO/Stm32f103x8_gpio_drivers.o
LOAD Stm32_F103C6_Drivers/RCC/Stm32f103x8_RCC_drivers.o
LOAD Stm32_F103C6_Drivers/SPI/Stm32f103x8_SPI_drivers.o
LOAD Stm32_F103C6_Drivers/USART/Stm32f103x8_USART_drivers.o
START GROUP
LOAD c:/st/stm32cubeide_1.4.0/stm32cubeide/plugins/com.st.stm32cube.ide.mcu.externaltools.gnu-tools-for-stm32.7-2018-q2-update.win32_1.4.0.202007081208/tools/bin/../lib/gcc/arm-none-eabi/7.3.1/../../../../arm-none-eabi/lib/thumb/v7-m\libc_nano.a
LOAD c:/st/stm32cubeide_1.4.0/stm32cubeide/plugins/com.st.stm32cube.ide.mcu.externaltools.gnu-tools-for-stm32.7-2018-q2-update.win32_1.4.0.202007081208/tools/bin/../lib/gcc/arm-none-eabi/7.3.1/../../../../arm-none-eabi/lib/thumb/v7-m\libm.a
END GROUP
START GROUP
LOAD c:/st/stm32cubeide_1.4.0/stm32cubeide/plugins/com.st.stm32cube.ide.mcu.externaltools.gnu-tools-for-stm32.7-2018-q2-update.win32_1.4.0.202007081208/tools/bin/../lib/gcc/arm-none-eabi/7.3.1/thumb/v7-m\libgcc.a
LOAD c:/st/stm32cubeide_1.4.0/stm32cubeide/plugins/com.st.stm32cube.ide.mcu.externaltools.gnu-tools-for-stm32.7-2018-q2-update.win32_1.4.0.202007081208/tools/bin/../lib/gcc/arm-none-eabi/7.3.1/../../../../arm-none-eabi/lib/thumb/v7-m\libg_nano.a
LOAD c:/st/stm32cubeide_1.4.0/stm32cubeide/plugins/com.st.stm32cube.ide.mcu.externaltools.gnu-tools-for-stm32.7-2018-q2-update.win32_1.4.0.202007081208/tools/bin/../lib/gcc/arm-none-eabi/7.3.1/../../../../arm-none-eabi/lib/thumb/v7-m\libc_nano.a
END GROUP
START GROUP
LOAD c:/st/stm32cubeide_1.4.0/stm32cubeide/plugins/com.st.stm32cube.ide.mcu.externaltools.gnu-tools-for-stm32.7-2018-q2-update.win32_1.4.0.202007081208/tools/bin/../lib/gcc/arm-none-eabi/7.3.1/thumb/v7-m\libgcc.a
LOAD c:/st/stm32cubeide_1.4.0/stm32cubeide/plugins/com.st.stm32cube.ide.mcu.externaltools.gnu-tools-for-stm32.7-2018-q2-update.win32_1.4.0.202007081208/tools/bin/../lib/gcc/arm-none-eabi/7.3.1/../../../../arm-none-eabi/lib/thumb/v7-m\libc_nano.a
LOAD c:/st/stm32cubeide_1.4.0/stm32cubeide/plugins/com.st.stm32cube.ide.mcu.externaltools.gnu-tools-for-stm32.7-2018-q2-update.win32_1.4.0.202007081208/tools/bin/../lib/gcc/arm-none-eabi/7.3.1/../../../../arm-none-eabi/lib/thumb/v7-m\libnosys.a
END GROUP
START GROUP
LOAD c:/st/stm32cubeide_1.4.0/stm32cubeide/plugins/com.st.stm32cube.ide.mcu.externaltools.gnu-tools-for-stm32.7-2018-q2-update.win32_1.4.0.202007081208/tools/bin/../lib/gcc/arm-none-eabi/7.3.1/thumb/v7-m\libgcc.a
LOAD c:/st/stm32cubeide_1.4.0/stm32cubeide/plugins/com.st.stm32cube.ide.mcu.externaltools.gnu-tools-for-stm32.7-2018-q2-update.win32_1.4.0.202007081208/tools/bin/../lib/gcc/arm-none-eabi/7.3.1/../../../../arm-none-eabi/lib/thumb/v7-m\libc_nano.a
LOAD c:/st/stm32cubeide_1.4.0/stm32cubeide/plugins/com.st.stm32cube.ide.mcu.externaltools.gnu-tools-for-stm32.7-2018-q2-update.win32_1.4.0.202007081208/tools/bin/../lib/gcc/arm-none-eabi/7.3.1/../../../../arm-none-eabi/lib/thumb/v7-m\libnosys.a
END GROUP
LOAD c:/st/stm32cubeide_1.4.0/stm32cubeide/plugins/com.st.stm32cube.ide.mcu.externaltools.gnu-tools-for-stm32.7-2018-q2-update.win32_1.4.0.202007081208/tools/bin/../lib/gcc/arm-none-eabi/7.3.1/thumb/v7-m/crtend.o
LOAD c:/st/stm32cubeide_1.4.0/stm32cubeide/plugins/com.st.stm32cube.ide.mcu.externaltools.gnu-tools-for-stm32.7-2018-q2-update.win32_1.4.0.202007081208/tools/bin/../lib/gcc/arm-none-eabi/7.3.1/thumb/v7-m/crtn.o
                0x0000000020002800                _estack = (ORIGIN (RAM) + LENGTH (RAM))
                0x0000000000000200                _Min_Heap_Size = 0x200
                0x0000000000000400                _Min_Stack_Size = 0x400

.isr_vector     0x0000000008000000      0x130
                0x0000000008000000                . = ALIGN (0x4)
 *(.isr_vector)
 .isr_vector    0x0000000008000000      0x130 Startup/startup_stm32f103c6tx.o
                0x0000000008000000                g_pfnVectors
                0x0000000008000130                . = ALIGN (0x4)

.text           0x0000000008000130      0x5cc
                0x0000000008000130                . = ALIGN (0x4)
 *(.text)
 .text          0x0000000008000130       0x40 c:/st/stm32cubeide_1.4.0/stm32cubeide/plugins/com.st.stm32cube.ide.mcu.externaltools.gnu-tools-for-stm32.7-2018-q2-update.win32_1.4.0.202007081208/tools/bin/../lib/gcc/arm-none-eabi/7.3.1/thumb/v7-m/crtbegin.o
 *(.text*)
 .text.NMI_Handler
                0x0000000008000170        0x6 Ma7m0ud_RTOS/CortexMx_OS_Porting.o
                0x0000000008000170                NMI_Handler
 .text.HardFault_Handler
                0x0000000008000176        0x6 Ma7m0ud_RTOS/CortexMx_OS_Porting.o
                0x0000000008000176                HardFault_Handler
 .text.MemManage_Handler
                0x000000000800017c        0x6 Ma7m0ud_RTOS/CortexMx_OS_Porting.o
                0x000000000800017c                MemManage_Handler
 .text.BusFault_Handler
                0x0000000008000182        0x6 Ma7m0ud_RTOS/CortexMx_OS_Porting.o
                0x0000000008000182                BusFault_Handler
 .text.SVC_Handler
                0x0000000008000188       0x14 Ma7m0ud_RTOS/CortexMx_OS_Porting.o
                0x0000000008000188                SVC_Handler
 .text.PendSV_Handler
                0x000000000800019c        0xc Ma7m0ud_RTOS/CortexMx_OS_Porting.o
                0x000000000800019c                PendSV_Handler
 .text.HW_init  0x00000000080001a8       0x16 Ma7m0ud_RTOS/CortexMx_OS_Porting.o
                0x00000000080001a8                HW_init
 .text.FIFO_init
                0x00000000080001be       0x44 Ma7m0ud_RTOS/MYRTOS_FIFO.o
                0x00000000080001be                FIFO_init
 .text.OS_SVC_Services
                0x0000000008000202       0x32 Ma7m0ud_RTOS/Scheduler.o
                0x0000000008000202                OS_SVC_Services
 .text.MyRTOS_Create_MainStack
                0x0000000008000234       0x3c Ma7m0ud_RTOS/Scheduler.o
                0x0000000008000234                MyRTOS_Create_MainStack
 .text.IDLE_TASK_FUNC
                0x0000000008000270        0x8 Ma7m0ud_RTOS/Scheduler.o
                0x0000000008000270                IDLE_TASK_FUNC
 .text.MYRTOS_Create_STack_Task
                0x0000000008000278       0x7c Ma7m0ud_RTOS/Scheduler.o
                0x0000000008000278                MYRTOS_Create_STack_Task
 .text.MYRTOS_Create_Task
                0x00000000080002f4       0x6c Ma7m0ud_RTOS/Scheduler.o
                0x00000000080002f4                MYRTOS_Create_Task
 .text.MYRTOS_init
                0x0000000008000360       0x78 Ma7m0ud_RTOS/Scheduler.o
                0x0000000008000360                MYRTOS_init
 .text.main     0x00000000080003d8       0x1a Src/main.o
                0x00000000080003d8                main
 *fill*         0x00000000080003f2        0x2 
 .text.Reset_Handler
                0x00000000080003f4       0x50 Startup/startup_stm32f103c6tx.o
                0x00000000080003f4                Reset_Handler
 .text.Default_Handler
                0x0000000008000444        0x2 Startup/startup_stm32f103c6tx.o
                0x0000000008000444                TIM8_TRG_COM_IRQHandler
                0x0000000008000444                TIM8_CC_IRQHandler
                0x0000000008000444                DebugMon_Handler
                0x0000000008000444                TIM1_CC_IRQHandler
                0x0000000008000444                TIM6_IRQHandler
                0x0000000008000444                SysTick_Handler
                0x0000000008000444                PVD_IRQHandler
                0x0000000008000444                SDIO_IRQHandler
                0x0000000008000444                USB_HP_CAN_TX_IRQHandler
                0x0000000008000444                I2C2_EV_IRQHandler
                0x0000000008000444                UsageFault_Handler
                0x0000000008000444                ADC1_2_IRQHandler
                0x0000000008000444                CAN_SCE_IRQHandler
                0x0000000008000444                TAMPER_IRQHandler
                0x0000000008000444                TIM8_UP_IRQHandler
                0x0000000008000444                DMA2_Channel2_IRQHandler
                0x0000000008000444                DMA1_Channel4_IRQHandler
                0x0000000008000444                RTC_IRQHandler
                0x0000000008000444                DMA1_Channel7_IRQHandler
                0x0000000008000444                UART5_IRQHandler
                0x0000000008000444                ADC3_IRQHandler
                0x0000000008000444                TIM4_IRQHandler
                0x0000000008000444                CAN_RX1_IRQHandler
                0x0000000008000444                DMA2_Channel1_IRQHandler
                0x0000000008000444                I2C1_EV_IRQHandler
                0x0000000008000444                DMA1_Channel6_IRQHandler
                0x0000000008000444                UART4_IRQHandler
                0x0000000008000444                TIM3_IRQHandler
                0x0000000008000444                RCC_IRQHandler
                0x0000000008000444                TIM1_TRG_COM_IRQHandler
                0x0000000008000444                DMA1_Channel1_IRQHandler
                0x0000000008000444                Default_Handler
                0x0000000008000444                TIM7_IRQHandler
                0x0000000008000444                TIM5_IRQHandler
                0x0000000008000444                USB_LP_CAN_RX0_IRQHandler
                0x0000000008000444                DMA1_Channel5_IRQHandler
                0x0000000008000444                DMA1_Channel3_IRQHandler
                0x0000000008000444                FSMC_IRQHandler
                0x0000000008000444                TIM1_UP_IRQHandler
                0x0000000008000444                WWDG_IRQHandler
                0x0000000008000444                TIM2_IRQHandler
                0x0000000008000444                TIM1_BRK_IRQHandler
                0x0000000008000444                RTCAlarm_IRQHandler
                0x0000000008000444                DMA2_Channel4_5_IRQHandler
                0x0000000008000444                I2C2_ER_IRQHandler
                0x0000000008000444                DMA1_Channel2_IRQHandler
                0x0000000008000444                TIM8_BRK_IRQHandler
                0x0000000008000444                FLASH_IRQHandler
                0x0000000008000444                I2C1_ER_IRQHandler
                0x0000000008000444                DMA2_Channel3_IRQHandler
 *fill*         0x0000000008000446        0x2 
 .text.EXTI0_IRQHandler
                0x0000000008000448       0x1c Stm32_F103C6_Drivers/EXTI/Stm32f103x8_EXTI_drivers.o
                0x0000000008000448                EXTI0_IRQHandler
 .text.EXTI1_IRQHandler
                0x0000000008000464       0x1c Stm32_F103C6_Drivers/EXTI/Stm32f103x8_EXTI_drivers.o
                0x0000000008000464                EXTI1_IRQHandler
 .text.EXTI2_IRQHandler
                0x0000000008000480       0x1c Stm32_F103C6_Drivers/EXTI/Stm32f103x8_EXTI_drivers.o
                0x0000000008000480                EXTI2_IRQHandler
 .text.EXTI3_IRQHandler
                0x000000000800049c       0x1c Stm32_F103C6_Drivers/EXTI/Stm32f103x8_EXTI_drivers.o
                0x000000000800049c                EXTI3_IRQHandler
 .text.EXTI4_IRQHandler
                0x00000000080004b8       0x1c Stm32_F103C6_Drivers/EXTI/Stm32f103x8_EXTI_drivers.o
                0x00000000080004b8                EXTI4_IRQHandler
 .text.EXTI9_5_IRQHandler
                0x00000000080004d4       0x8c Stm32_F103C6_Drivers/EXTI/Stm32f103x8_EXTI_drivers.o
                0x00000000080004d4                EXTI9_5_IRQHandler
 .text.EXTI15_10_IRQHandler
                0x0000000008000560       0xc4 Stm32_F103C6_Drivers/EXTI/Stm32f103x8_EXTI_drivers.o
                0x0000000008000560                EXTI15_10_IRQHandler
 .text.SPI1_IRQHandler
                0x0000000008000624       0x14 Stm32_F103C6_Drivers/SPI/Stm32f103x8_SPI_drivers.o
                0x0000000008000624                SPI1_IRQHandler
 .text.SPI2_IRQHandler
                0x0000000008000638       0x14 Stm32_F103C6_Drivers/SPI/Stm32f103x8_SPI_drivers.o
                0x0000000008000638                SPI2_IRQHandler
 .text.SPI3_IRQHandler
                0x000000000800064c       0x14 Stm32_F103C6_Drivers/SPI/Stm32f103x8_SPI_drivers.o
                0x000000000800064c                SPI3_IRQHandler
 .text.USART1_IRQHandler
                0x0000000008000660       0x14 Stm32_F103C6_Drivers/USART/Stm32f103x8_USART_drivers.o
                0x0000000008000660                USART1_IRQHandler
 .text.USART2_IRQHandler
                0x0000000008000674       0x14 Stm32_F103C6_Drivers/USART/Stm32f103x8_USART_drivers.o
                0x0000000008000674                USART2_IRQHandler
 .text.USART3_IRQHandler
                0x0000000008000688       0x14 Stm32_F103C6_Drivers/USART/Stm32f103x8_USART_drivers.o
                0x0000000008000688                USART3_IRQHandler
 .text.__libc_init_array
                0x000000000800069c       0x48 c:/st/stm32cubeide_1.4.0/stm32cubeide/plugins/com.st.stm32cube.ide.mcu.externaltools.gnu-tools-for-stm32.7-2018-q2-update.win32_1.4.0.202007081208/tools/bin/../lib/gcc/arm-none-eabi/7.3.1/../../../../arm-none-eabi/lib/thumb/v7-m\libc_nano.a(lib_a-init.o)
                0x000000000800069c                __libc_init_array
 *(.glue_7)
 .glue_7        0x00000000080006e4        0x0 linker stubs
 *(.glue_7t)
 .glue_7t       0x00000000080006e4        0x0 linker stubs
 *(.eh_frame)
 .eh_frame      0x00000000080006e4        0x0 c:/st/stm32cubeide_1.4.0/stm32cubeide/plugins/com.st.stm32cube.ide.mcu.externaltools.gnu-tools-for-stm32.7-2018-q2-update.win32_1.4.0.202007081208/tools/bin/../lib/gcc/arm-none-eabi/7.3.1/thumb/v7-m/crtbegin.o
 *(.init)
 .init          0x00000000080006e4        0x4 c:/st/stm32cubeide_1.4.0/stm32cubeide/plugins/com.st.stm32cube.ide.mcu.externaltools.gnu-tools-for-stm32.7-2018-q2-update.win32_1.4.0.202007081208/tools/bin/../lib/gcc/arm-none-eabi/7.3.1/thumb/v7-m/crti.o
                0x00000000080006e4                _init
 .init          0x00000000080006e8        0x8 c:/st/stm32cubeide_1.4.0/stm32cubeide/plugins/com.st.stm32cube.ide.mcu.externaltools.gnu-tools-for-stm32.7-2018-q2-update.win32_1.4.0.202007081208/tools/bin/../lib/gcc/arm-none-eabi/7.3.1/thumb/v7-m/crtn.o
 *(.fini)
 .fini          0x00000000080006f0        0x4 c:/st/stm32cubeide_1.4.0/stm32cubeide/plugins/com.st.stm32cube.ide.mcu.externaltools.gnu-tools-for-stm32.7-2018-q2-update.win32_1.4.0.202007081208/tools/bin/../lib/gcc/arm-none-eabi/7.3.1/thumb/v7-m/crti.o
                0x00000000080006f0                _fini
 .fini          0x00000000080006f4        0x8 c:/st/stm32cubeide_1.4.0/stm32cubeide/plugins/com.st.stm32cube.ide.mcu.externaltools.gnu-tools-for-stm32.7-2018-q2-update.win32_1.4.0.202007081208/tools/bin/../lib/gcc/arm-none-eabi/7.3.1/thumb/v7-m/crtn.o
                0x00000000080006fc                . = ALIGN (0x4)
                0x00000000080006fc                _etext = .

.vfp11_veneer   0x00000000080006fc        0x0
 .vfp11_veneer  0x00000000080006fc        0x0 linker stubs

.v4_bx          0x00000000080006fc        0x0
 .v4_bx         0x00000000080006fc        0x0 linker stubs

.iplt           0x00000000080006fc        0x0
 .iplt          0x00000000080006fc        0x0 c:/st/stm32cubeide_1.4.0/stm32cubeide/plugins/com.st.stm32cube.ide.mcu.externaltools.gnu-tools-for-stm32.7-2018-q2-update.win32_1.4.0.202007081208/tools/bin/../lib/gcc/arm-none-eabi/7.3.1/thumb/v7-m/crtbegin.o

.rodata         0x00000000080006fc        0xc
                0x00000000080006fc                . = ALIGN (0x4)
 *(.rodata)
 .rodata        0x00000000080006fc        0xa Ma7m0ud_RTOS/Scheduler.o
 *(.rodata*)
                0x0000000008000708                . = ALIGN (0x4)
 *fill*         0x0000000008000706        0x2 

.rel.dyn        0x0000000008000708        0x0
 .rel.iplt      0x0000000008000708        0x0 c:/st/stm32cubeide_1.4.0/stm32cubeide/plugins/com.st.stm32cube.ide.mcu.externaltools.gnu-tools-for-stm32.7-2018-q2-update.win32_1.4.0.202007081208/tools/bin/../lib/gcc/arm-none-eabi/7.3.1/thumb/v7-m/crtbegin.o

.ARM.extab      0x0000000008000708        0x0
                0x0000000008000708                . = ALIGN (0x4)
 *(.ARM.extab* .gnu.linkonce.armextab.*)
                0x0000000008000708                . = ALIGN (0x4)

.ARM            0x0000000008000708        0x0
                0x0000000008000708                . = ALIGN (0x4)
                0x0000000008000708                __exidx_start = .
 *(.ARM.exidx*)
                0x0000000008000708                __exidx_end = .
                0x0000000008000708                . = ALIGN (0x4)

.preinit_array  0x0000000008000708        0x0
                0x0000000008000708                . = ALIGN (0x4)
                0x0000000008000708                PROVIDE (__preinit_array_start = .)
 *(.preinit_array*)
                0x0000000008000708                PROVIDE (__preinit_array_end = .)
                0x0000000008000708                . = ALIGN (0x4)

.init_array     0x0000000008000708        0x4
                0x0000000008000708                . = ALIGN (0x4)
                0x0000000008000708                PROVIDE (__init_array_start = .)
 *(SORT_BY_NAME(.init_array.*))
 *(.init_array*)
 .init_array    0x0000000008000708        0x4 c:/st/stm32cubeide_1.4.0/stm32cubeide/plugins/com.st.stm32cube.ide.mcu.externaltools.gnu-tools-for-stm32.7-2018-q2-update.win32_1.4.0.202007081208/tools/bin/../lib/gcc/arm-none-eabi/7.3.1/thumb/v7-m/crtbegin.o
                0x000000000800070c                PROVIDE (__init_array_end = .)
                0x000000000800070c                . = ALIGN (0x4)

.fini_array     0x000000000800070c        0x4
                0x000000000800070c                . = ALIGN (0x4)
                [!provide]                        PROVIDE (__fini_array_start = .)
 *(SORT_BY_NAME(.fini_array.*))
 *(.fini_array*)
 .fini_array    0x000000000800070c        0x4 c:/st/stm32cubeide_1.4.0/stm32cubeide/plugins/com.st.stm32cube.ide.mcu.externaltools.gnu-tools-for-stm32.7-2018-q2-update.win32_1.4.0.202007081208/tools/bin/../lib/gcc/arm-none-eabi/7.3.1/thumb/v7-m/crtbegin.o
                [!provide]                        PROVIDE (__fini_array_end = .)
                0x0000000008000710                . = ALIGN (0x4)
                0x0000000008000710                _sidata = LOADADDR (.data)

.data           0x0000000020000000        0x0 load address 0x0000000008000710
                0x0000000020000000                . = ALIGN (0x4)
                0x0000000020000000                _sdata = .
 *(.data)
 *(.data*)
                0x0000000020000000                . = ALIGN (0x4)
                0x0000000020000000                _edata = .

.igot.plt       0x0000000020000000        0x0 load address 0x0000000008000710
 .igot.plt      0x0000000020000000        0x0 c:/st/stm32cubeide_1.4.0/stm32cubeide/plugins/com.st.stm32cube.ide.mcu.externaltools.gnu-tools-for-stm32.7-2018-q2-update.win32_1.4.0.202007081208/tools/bin/../lib/gcc/arm-none-eabi/7.3.1/thumb/v7-m/crtbegin.o
                0x0000000020000000                . = ALIGN (0x4)

.bss            0x0000000020000000      0x3f4 load address 0x0000000008000710
                0x0000000020000000                _sbss = .
                0x0000000020000000                __bss_start__ = _sbss
 *(.bss)
 .bss           0x0000000020000000       0x1c c:/st/stm32cubeide_1.4.0/stm32cubeide/plugins/com.st.stm32cube.ide.mcu.externaltools.gnu-tools-for-stm32.7-2018-q2-update.win32_1.4.0.202007081208/tools/bin/../lib/gcc/arm-none-eabi/7.3.1/thumb/v7-m/crtbegin.o
 *(.bss*)
 .bss.SPI_confige
                0x000000002000001c        0x4 Stm32_F103C6_Drivers/SPI/Stm32f103x8_SPI_drivers.o
                0x000000002000001c                SPI_confige
 .bss.USART_confige
                0x0000000020000020        0x4 Stm32_F103C6_Drivers/USART/Stm32f103x8_USART_drivers.o
                0x0000000020000020                USART_confige
 *(COMMON)
 COMMON         0x0000000020000024      0x394 Ma7m0ud_RTOS/Scheduler.o
                0x0000000020000024                Ready_Queue
                0x0000000020000038                OS_Control_t
                0x00000000200001e4                MYRTOS_IDLE_TASK
                0x0000000020000228                Ready_Queue_FIFO
 COMMON         0x00000000200003b8       0x3c Stm32_F103C6_Drivers/EXTI/Stm32f103x8_EXTI_drivers.o
                0x00000000200003b8                Gp_call_back_func
                0x00000000200003f4                . = ALIGN (0x4)
                0x00000000200003f4                _ebss = .
                0x00000000200003f4                __bss_end__ = _ebss

._user_heap_stack
                0x00000000200003f4      0x604 load address 0x0000000008000710
                0x00000000200003f8                . = ALIGN (0x8)
 *fill*         0x00000000200003f4        0x4 
                [!provide]                        PROVIDE (end = .)
                0x00000000200003f8                PROVIDE (_end = .)
                0x00000000200005f8                . = (. + _Min_Heap_Size)
 *fill*         0x00000000200003f8      0x200 
                0x00000000200009f8                . = (. + _Min_Stack_Size)
 *fill*         0x00000000200005f8      0x400 
                0x00000000200009f8                . = ALIGN (0x8)
                0x00000000200009f8                _eheap = .

/DISCARD/
 libc.a(*)
 libm.a(*)
 libgcc.a(*)

.ARM.attributes
                0x0000000000000000       0x29
 *(.ARM.attributes)
 .ARM.attributes
                0x0000000000000000       0x1d c:/st/stm32cubeide_1.4.0/stm32cubeide/plugins/com.st.stm32cube.ide.mcu.externaltools.gnu-tools-for-stm32.7-2018-q2-update.win32_1.4.0.202007081208/tools/bin/../lib/gcc/arm-none-eabi/7.3.1/thumb/v7-m/crti.o
 .ARM.attributes
                0x000000000000001d       0x2d c:/st/stm32cubeide_1.4.0/stm32cubeide/plugins/com.st.stm32cube.ide.mcu.externaltools.gnu-tools-for-stm32.7-2018-q2-update.win32_1.4.0.202007081208/tools/bin/../lib/gcc/arm-none-eabi/7.3.1/thumb/v7-m/crtbegin.o
 .ARM.attributes
                0x000000000000004a       0x33 Ma7m0ud_RTOS/CortexMx_OS_Porting.o
 .ARM.attributes
                0x000000000000007d       0x33 Ma7m0ud_RTOS/MYRTOS_FIFO.o
 .ARM.attributes
                0x00000000000000b0       0x33 Ma7m0ud_RTOS/Scheduler.o
 .ARM.attributes
                0x00000000000000e3       0x33 Src/main.o
 .ARM.attributes
                0x0000000000000116       0x21 Startup/startup_stm32f103c6tx.o
 .ARM.attributes
                0x0000000000000137       0x33 Stm32_F103C6_Drivers/EXTI/Stm32f103x8_EXTI_drivers.o
 .ARM.attributes
                0x000000000000016a       0x33 Stm32_F103C6_Drivers/SPI/Stm32f103x8_SPI_drivers.o
 .ARM.attributes
                0x000000000000019d       0x33 Stm32_F103C6_Drivers/USART/Stm32f103x8_USART_drivers.o
 .ARM.attributes
                0x00000000000001d0       0x2d c:/st/stm32cubeide_1.4.0/stm32cubeide/plugins/com.st.stm32cube.ide.mcu.externaltools.gnu-tools-for-stm32.7-2018-q2-update.win32_1.4.0.202007081208/tools/bin/../lib/gcc/arm-none-eabi/7.3.1/../../../../arm-none-eabi/lib/thumb/v7-m\libc_nano.a(lib_a-init.o)
 .ARM.attributes
                0x00000000000001fd       0x1d c:/st/stm32cubeide_1.4.0/stm32cubeide/plugins/com.st.stm32cube.ide.mcu.externaltools.gnu-tools-for-stm32.7-2018-q2-update.win32_1.4.0.202007081208/tools/bin/../lib/gcc/arm-none-eabi/7.3.1/thumb/v7-m/crtn.o
OUTPUT(Drivers.axf elf32-littlearm)

.debug_info     0x0000000000000000     0x528c
 .debug_info    0x0000000000000000      0x1c3 Ma7m0ud_RTOS/CortexMx_OS_Porting.o
 .debug_info    0x00000000000001c3      0xcdb Ma7m0ud_RTOS/MYRTOS_FIFO.o
 .debug_info    0x0000000000000e9e      0xe3c Ma7m0ud_RTOS/Scheduler.o
 .debug_info    0x0000000000001cda      0xadc Src/main.o
 .debug_info    0x00000000000027b6       0x22 Startup/startup_stm32f103c6tx.o
 .debug_info    0x00000000000027d8      0xdb0 Stm32_F103C6_Drivers/EXTI/Stm32f103x8_EXTI_drivers.o
 .debug_info    0x0000000000003588      0xf04 Stm32_F103C6_Drivers/SPI/Stm32f103x8_SPI_drivers.o
 .debug_info    0x000000000000448c      0xe00 Stm32_F103C6_Drivers/USART/Stm32f103x8_USART_drivers.o

.debug_abbrev   0x0000000000000000      0xdd3
 .debug_abbrev  0x0000000000000000       0xf0 Ma7m0ud_RTOS/CortexMx_OS_Porting.o
 .debug_abbrev  0x00000000000000f0      0x1f3 Ma7m0ud_RTOS/MYRTOS_FIFO.o
 .debug_abbrev  0x00000000000002e3      0x27c Ma7m0ud_RTOS/Scheduler.o
 .debug_abbrev  0x000000000000055f      0x1d8 Src/main.o
 .debug_abbrev  0x0000000000000737       0x12 Startup/startup_stm32f103c6tx.o
 .debug_abbrev  0x0000000000000749      0x221 Stm32_F103C6_Drivers/EXTI/Stm32f103x8_EXTI_drivers.o
 .debug_abbrev  0x000000000000096a      0x233 Stm32_F103C6_Drivers/SPI/Stm32f103x8_SPI_drivers.o
 .debug_abbrev  0x0000000000000b9d      0x236 Stm32_F103C6_Drivers/USART/Stm32f103x8_USART_drivers.o

.debug_loc      0x0000000000000000      0xe30
 .debug_loc     0x0000000000000000      0x150 Ma7m0ud_RTOS/CortexMx_OS_Porting.o
 .debug_loc     0x0000000000000150      0x1b4 Ma7m0ud_RTOS/MYRTOS_FIFO.o
 .debug_loc     0x0000000000000304      0x224 Ma7m0ud_RTOS/Scheduler.o
 .debug_loc     0x0000000000000528       0x58 Src/main.o
 .debug_loc     0x0000000000000580      0x320 Stm32_F103C6_Drivers/EXTI/Stm32f103x8_EXTI_drivers.o
 .debug_loc     0x00000000000008a0      0x2fc Stm32_F103C6_Drivers/SPI/Stm32f103x8_SPI_drivers.o
 .debug_loc     0x0000000000000b9c      0x294 Stm32_F103C6_Drivers/USART/Stm32f103x8_USART_drivers.o

.debug_aranges  0x0000000000000000      0x278
 .debug_aranges
                0x0000000000000000       0x50 Ma7m0ud_RTOS/CortexMx_OS_Porting.o
 .debug_aranges
                0x0000000000000050       0x40 Ma7m0ud_RTOS/MYRTOS_FIFO.o
 .debug_aranges
                0x0000000000000090       0x50 Ma7m0ud_RTOS/Scheduler.o
 .debug_aranges
                0x00000000000000e0       0x28 Src/main.o
 .debug_aranges
                0x0000000000000108       0x28 Startup/startup_stm32f103c6tx.o
 .debug_aranges
                0x0000000000000130       0x80 Stm32_F103C6_Drivers/EXTI/Stm32f103x8_EXTI_drivers.o
 .debug_aranges
                0x00000000000001b0       0x68 Stm32_F103C6_Drivers/SPI/Stm32f103x8_SPI_drivers.o
 .debug_aranges
                0x0000000000000218       0x60 Stm32_F103C6_Drivers/USART/Stm32f103x8_USART_drivers.o

.debug_ranges   0x0000000000000000      0x200
 .debug_ranges  0x0000000000000000       0x40 Ma7m0ud_RTOS/CortexMx_OS_Porting.o
 .debug_ranges  0x0000000000000040       0x30 Ma7m0ud_RTOS/MYRTOS_FIFO.o
 .debug_ranges  0x0000000000000070       0x40 Ma7m0ud_RTOS/Scheduler.o
 .debug_ranges  0x00000000000000b0       0x18 Src/main.o
 .debug_ranges  0x00000000000000c8       0x20 Startup/startup_stm32f103c6tx.o
 .debug_ranges  0x00000000000000e8       0x70 Stm32_F103C6_Drivers/EXTI/Stm32f103x8_EXTI_drivers.o
 .debug_ranges  0x0000000000000158       0x58 Stm32_F103C6_Drivers/SPI/Stm32f103x8_SPI_drivers.o
 .debug_ranges  0x00000000000001b0       0x50 Stm32_F103C6_Drivers/USART/Stm32f103x8_USART_drivers.o

.debug_macro    0x0000000000000000     0x3240
 .debug_macro   0x0000000000000000       0xd4 Ma7m0ud_RTOS/CortexMx_OS_Porting.o
 .debug_macro   0x00000000000000d4       0x28 Ma7m0ud_RTOS/CortexMx_OS_Porting.o
 .debug_macro   0x00000000000000fc       0x1c Ma7m0ud_RTOS/CortexMx_OS_Porting.o
 .debug_macro   0x0000000000000118       0x22 Ma7m0ud_RTOS/CortexMx_OS_Porting.o
 .debug_macro   0x000000000000013a       0xe5 Ma7m0ud_RTOS/CortexMx_OS_Porting.o
 .debug_macro   0x000000000000021f      0xe2e Ma7m0ud_RTOS/CortexMx_OS_Porting.o
 .debug_macro   0x000000000000104d      0x11f Ma7m0ud_RTOS/CortexMx_OS_Porting.o
 .debug_macro   0x000000000000116c       0x2e Ma7m0ud_RTOS/CortexMx_OS_Porting.o
 .debug_macro   0x000000000000119a      0x2a7 Ma7m0ud_RTOS/MYRTOS_FIFO.o
 .debug_macro   0x0000000000001441       0x40 Ma7m0ud_RTOS/MYRTOS_FIFO.o
 .debug_macro   0x0000000000001481       0x94 Ma7m0ud_RTOS/MYRTOS_FIFO.o
 .debug_macro   0x0000000000001515       0x16 Ma7m0ud_RTOS/MYRTOS_FIFO.o
 .debug_macro   0x000000000000152b       0x57 Ma7m0ud_RTOS/MYRTOS_FIFO.o
 .debug_macro   0x0000000000001582       0x97 Ma7m0ud_RTOS/MYRTOS_FIFO.o
 .debug_macro   0x0000000000001619       0xfd Ma7m0ud_RTOS/MYRTOS_FIFO.o
 .debug_macro   0x0000000000001716       0x10 Ma7m0ud_RTOS/MYRTOS_FIFO.o
 .debug_macro   0x0000000000001726       0x10 Ma7m0ud_RTOS/MYRTOS_FIFO.o
 .debug_macro   0x0000000000001736       0x1c Ma7m0ud_RTOS/MYRTOS_FIFO.o
 .debug_macro   0x0000000000001752       0x52 Ma7m0ud_RTOS/MYRTOS_FIFO.o
 .debug_macro   0x00000000000017a4       0x40 Ma7m0ud_RTOS/MYRTOS_FIFO.o
 .debug_macro   0x00000000000017e4       0x10 Ma7m0ud_RTOS/MYRTOS_FIFO.o
 .debug_macro   0x00000000000017f4       0x40 Ma7m0ud_RTOS/MYRTOS_FIFO.o
 .debug_macro   0x0000000000001834       0xd7 Ma7m0ud_RTOS/MYRTOS_FIFO.o
 .debug_macro   0x000000000000190b       0x1c Ma7m0ud_RTOS/MYRTOS_FIFO.o
 .debug_macro   0x0000000000001927       0x3d Ma7m0ud_RTOS/MYRTOS_FIFO.o
 .debug_macro   0x0000000000001964       0x16 Ma7m0ud_RTOS/MYRTOS_FIFO.o
 .debug_macro   0x000000000000197a      0x145 Ma7m0ud_RTOS/MYRTOS_FIFO.o
 .debug_macro   0x0000000000001abf       0x35 Ma7m0ud_RTOS/MYRTOS_FIFO.o
 .debug_macro   0x0000000000001af4       0x16 Ma7m0ud_RTOS/MYRTOS_FIFO.o
 .debug_macro   0x0000000000001b0a       0x20 Ma7m0ud_RTOS/MYRTOS_FIFO.o
 .debug_macro   0x0000000000001b2a       0xdf Ma7m0ud_RTOS/MYRTOS_FIFO.o
 .debug_macro   0x0000000000001c09      0x2b7 Ma7m0ud_RTOS/Scheduler.o
 .debug_macro   0x0000000000001ec0      0x32a Ma7m0ud_RTOS/Scheduler.o
 .debug_macro   0x00000000000021ea      0x2e7 Src/main.o
 .debug_macro   0x00000000000024d1       0x1c Src/main.o
 .debug_macro   0x00000000000024ed      0x33c Src/main.o
 .debug_macro   0x0000000000002829       0xd6 Src/main.o
 .debug_macro   0x00000000000028ff      0x21b Src/main.o
 .debug_macro   0x0000000000002b1a       0x16 Src/main.o
 .debug_macro   0x0000000000002b30       0xe2 Src/main.o
 .debug_macro   0x0000000000002c12       0xc4 Src/main.o
 .debug_macro   0x0000000000002cd6       0xa6 Src/main.o
 .debug_macro   0x0000000000002d7c      0x158 Stm32_F103C6_Drivers/EXTI/Stm32f103x8_EXTI_drivers.o
 .debug_macro   0x0000000000002ed4      0x157 Stm32_F103C6_Drivers/SPI/Stm32f103x8_SPI_drivers.o
 .debug_macro   0x000000000000302b       0xbe Stm32_F103C6_Drivers/SPI/Stm32f103x8_SPI_drivers.o
 .debug_macro   0x00000000000030e9      0x157 Stm32_F103C6_Drivers/USART/Stm32f103x8_USART_drivers.o

.debug_line     0x0000000000000000     0x34b9
 .debug_line    0x0000000000000000      0x58a Ma7m0ud_RTOS/CortexMx_OS_Porting.o
 .debug_line    0x000000000000058a      0x7fe Ma7m0ud_RTOS/MYRTOS_FIFO.o
 .debug_line    0x0000000000000d88      0x815 Ma7m0ud_RTOS/Scheduler.o
 .debug_line    0x000000000000159d      0x8e4 Src/main.o
 .debug_line    0x0000000000001e81       0x84 Startup/startup_stm32f103c6tx.o
 .debug_line    0x0000000000001f05      0x778 Stm32_F103C6_Drivers/EXTI/Stm32f103x8_EXTI_drivers.o
 .debug_line    0x000000000000267d      0x72c Stm32_F103C6_Drivers/SPI/Stm32f103x8_SPI_drivers.o
 .debug_line    0x0000000000002da9      0x710 Stm32_F103C6_Drivers/USART/Stm32f103x8_USART_drivers.o

.debug_str      0x0000000000000000    0x128a3
 .debug_str     0x0000000000000000     0xa304 Ma7m0ud_RTOS/CortexMx_OS_Porting.o
                                       0xa47f (size before relaxing)
 .debug_str     0x000000000000a304     0x4707 Ma7m0ud_RTOS/MYRTOS_FIFO.o
                                       0xeb3c (size before relaxing)
 .debug_str     0x000000000000ea0b      0x1bf Ma7m0ud_RTOS/Scheduler.o
                                       0xed10 (size before relaxing)
 .debug_str     0x000000000000ebca     0x35c0 Src/main.o
                                      0x11ed0 (size before relaxing)
 .debug_str     0x000000000001218a       0x31 Startup/startup_stm32f103c6tx.o
                                         0x99 (size before relaxing)
 .debug_str     0x00000000000121bb      0x2b5 Stm32_F103C6_Drivers/EXTI/Stm32f103x8_EXTI_drivers.o
                                       0x98d8 (size before relaxing)
 .debug_str     0x0000000000012470      0x2cc Stm32_F103C6_Drivers/SPI/Stm32f103x8_SPI_drivers.o
                                       0x8cac (size before relaxing)
 .debug_str     0x000000000001273c      0x167 Stm32_F103C6_Drivers/USART/Stm32f103x8_USART_drivers.o
                                       0x8d6e (size before relaxing)

.comment        0x0000000000000000       0x7b
 .comment       0x0000000000000000       0x7b Ma7m0ud_RTOS/CortexMx_OS_Porting.o
                                         0x7c (size before relaxing)
 .comment       0x000000000000007b       0x7c Ma7m0ud_RTOS/MYRTOS_FIFO.o
 .comment       0x000000000000007b       0x7c Ma7m0ud_RTOS/Scheduler.o
 .comment       0x000000000000007b       0x7c Src/main.o
 .comment       0x000000000000007b       0x7c Stm32_F103C6_Drivers/EXTI/Stm32f103x8_EXTI_drivers.o
 .comment       0x000000000000007b       0x7c Stm32_F103C6_Drivers/SPI/Stm32f103x8_SPI_drivers.o
 .comment       0x000000000000007b       0x7c Stm32_F103C6_Drivers/USART/Stm32f103x8_USART_drivers.o

.debug_frame    0x0000000000000000      0x784
 .debug_frame   0x0000000000000000       0xc8 Ma7m0ud_RTOS/CortexMx_OS_Porting.o
 .debug_frame   0x00000000000000c8       0xd0 Ma7m0ud_RTOS/MYRTOS_FIFO.o
 .debug_frame   0x0000000000000198      0x108 Ma7m0ud_RTOS/Scheduler.o
 .debug_frame   0x00000000000002a0       0x44 Src/main.o
 .debug_frame   0x00000000000002e4      0x1b0 Stm32_F103C6_Drivers/EXTI/Stm32f103x8_EXTI_drivers.o
 .debug_frame   0x0000000000000494      0x178 Stm32_F103C6_Drivers/SPI/Stm32f103x8_SPI_drivers.o
 .debug_frame   0x000000000000060c      0x14c Stm32_F103C6_Drivers/USART/Stm32f103x8_USART_drivers.o
 .debug_frame   0x0000000000000758       0x2c c:/st/stm32cubeide_1.4.0/stm32cubeide/plugins/com.st.stm32cube.ide.mcu.externaltools.gnu-tools-for-stm32.7-2018-q2-update.win32_1.4.0.202007081208/tools/bin/../lib/gcc/arm-none-eabi/7.3.1/../../../../arm-none-eabi/lib/thumb/v7-m\libc_nano.a(lib_a-init.o)
