main.c:77:5:TaskA_Fun	24	static
main.c:82:5:TaskB_Fun	24	static
main.c:87:6:SVC_Handler	4	static,ignoring_inline_asm
main.c:94:6:Clock_Init	4	static
main.c:106:6:GPIO_Init	16	static
main.c:133:6:__delay__	24	static
main.c:141:6:NMI_Handler	4	static
main.c:144:6:HardFault_Handler	4	static
main.c:147:6:MemManage_Handler	4	static
main.c:150:6:BusFault_Handler	4	static
main.c:160:6:SWITCH_CPU_ACCESS_LEVEL	16	static,ignoring_inline_asm
main.c:175:6:INT_ACTION	4	static
main.c:199:6:main_os	8	static,ignoring_inline_asm
main.c:272:5:main	16	static,ignoring_inline_asm
