Archive member included to satisfy reference by file (symbol)

c:/st/stm32cubeide_1.4.0/stm32cubeide/plugins/com.st.stm32cube.ide.mcu.externaltools.gnu-tools-for-stm32.7-2018-q2-update.win32_1.4.0.202007081208/tools/bin/../lib/gcc/arm-none-eabi/7.3.1/../../../../arm-none-eabi/lib/thumb/v7-m\libc_nano.a(lib_a-errno.o)
                              Src/syscalls.o (__errno)
c:/st/stm32cubeide_1.4.0/stm32cubeide/plugins/com.st.stm32cube.ide.mcu.externaltools.gnu-tools-for-stm32.7-2018-q2-update.win32_1.4.0.202007081208/tools/bin/../lib/gcc/arm-none-eabi/7.3.1/../../../../arm-none-eabi/lib/thumb/v7-m\libc_nano.a(lib_a-exit.o)
                              c:/st/stm32cubeide_1.4.0/stm32cubeide/plugins/com.st.stm32cube.ide.mcu.externaltools.gnu-tools-for-stm32.7-2018-q2-update.win32_1.4.0.202007081208/tools/bin/../lib/gcc/arm-none-eabi/7.3.1/../../../../arm-none-eabi/lib/thumb/v7-m/crt0.o (exit)
c:/st/stm32cubeide_1.4.0/stm32cubeide/plugins/com.st.stm32cube.ide.mcu.externaltools.gnu-tools-for-stm32.7-2018-q2-update.win32_1.4.0.202007081208/tools/bin/../lib/gcc/arm-none-eabi/7.3.1/../../../../arm-none-eabi/lib/thumb/v7-m\libc_nano.a(lib_a-impure.o)
                              c:/st/stm32cubeide_1.4.0/stm32cubeide/plugins/com.st.stm32cube.ide.mcu.externaltools.gnu-tools-for-stm32.7-2018-q2-update.win32_1.4.0.202007081208/tools/bin/../lib/gcc/arm-none-eabi/7.3.1/../../../../arm-none-eabi/lib/thumb/v7-m\libc_nano.a(lib_a-exit.o) (_global_impure_ptr)
c:/st/stm32cubeide_1.4.0/stm32cubeide/plugins/com.st.stm32cube.ide.mcu.externaltools.gnu-tools-for-stm32.7-2018-q2-update.win32_1.4.0.202007081208/tools/bin/../lib/gcc/arm-none-eabi/7.3.1/../../../../arm-none-eabi/lib/thumb/v7-m\libc_nano.a(lib_a-init.o)
                              c:/st/stm32cubeide_1.4.0/stm32cubeide/plugins/com.st.stm32cube.ide.mcu.externaltools.gnu-tools-for-stm32.7-2018-q2-update.win32_1.4.0.202007081208/tools/bin/../lib/gcc/arm-none-eabi/7.3.1/../../../../arm-none-eabi/lib/thumb/v7-m/crt0.o (__libc_init_array)
c:/st/stm32cubeide_1.4.0/stm32cubeide/plugins/com.st.stm32cube.ide.mcu.externaltools.gnu-tools-for-stm32.7-2018-q2-update.win32_1.4.0.202007081208/tools/bin/../lib/gcc/arm-none-eabi/7.3.1/../../../../arm-none-eabi/lib/thumb/v7-m\libc_nano.a(lib_a-memset.o)
                              c:/st/stm32cubeide_1.4.0/stm32cubeide/plugins/com.st.stm32cube.ide.mcu.externaltools.gnu-tools-for-stm32.7-2018-q2-update.win32_1.4.0.202007081208/tools/bin/../lib/gcc/arm-none-eabi/7.3.1/../../../../arm-none-eabi/lib/thumb/v7-m/crt0.o (memset)

Allocating common symbols
Common symbol       size              file

keypad_confg        0x4               HAL/KEYPAD/Keypad.o
EXTI_CONGIG         0x14              Src/main.o
GPIO_Config         0x4               HAL/LCD/Lcd.o
Gp_call_back_func   0x3c              Stm32_F103C6_Drivers/EXTI/Stm32f103x8_EXTI_drivers.o

Discarded input sections

 .text          0x0000000000000000        0x0 c:/st/stm32cubeide_1.4.0/stm32cubeide/plugins/com.st.stm32cube.ide.mcu.externaltools.gnu-tools-for-stm32.7-2018-q2-update.win32_1.4.0.202007081208/tools/bin/../lib/gcc/arm-none-eabi/7.3.1/thumb/v7-m/crti.o
 .data          0x0000000000000000        0x0 c:/st/stm32cubeide_1.4.0/stm32cubeide/plugins/com.st.stm32cube.ide.mcu.externaltools.gnu-tools-for-stm32.7-2018-q2-update.win32_1.4.0.202007081208/tools/bin/../lib/gcc/arm-none-eabi/7.3.1/thumb/v7-m/crti.o
 .bss           0x0000000000000000        0x0 c:/st/stm32cubeide_1.4.0/stm32cubeide/plugins/com.st.stm32cube.ide.mcu.externaltools.gnu-tools-for-stm32.7-2018-q2-update.win32_1.4.0.202007081208/tools/bin/../lib/gcc/arm-none-eabi/7.3.1/thumb/v7-m/crti.o
 .data          0x0000000000000000        0x4 c:/st/stm32cubeide_1.4.0/stm32cubeide/plugins/com.st.stm32cube.ide.mcu.externaltools.gnu-tools-for-stm32.7-2018-q2-update.win32_1.4.0.202007081208/tools/bin/../lib/gcc/arm-none-eabi/7.3.1/thumb/v7-m/crtbegin.o
 .text          0x0000000000000000       0x74 c:/st/stm32cubeide_1.4.0/stm32cubeide/plugins/com.st.stm32cube.ide.mcu.externaltools.gnu-tools-for-stm32.7-2018-q2-update.win32_1.4.0.202007081208/tools/bin/../lib/gcc/arm-none-eabi/7.3.1/../../../../arm-none-eabi/lib/thumb/v7-m/crt0.o
 .data          0x0000000000000000        0x0 c:/st/stm32cubeide_1.4.0/stm32cubeide/plugins/com.st.stm32cube.ide.mcu.externaltools.gnu-tools-for-stm32.7-2018-q2-update.win32_1.4.0.202007081208/tools/bin/../lib/gcc/arm-none-eabi/7.3.1/../../../../arm-none-eabi/lib/thumb/v7-m/crt0.o
 .bss           0x0000000000000000        0x0 c:/st/stm32cubeide_1.4.0/stm32cubeide/plugins/com.st.stm32cube.ide.mcu.externaltools.gnu-tools-for-stm32.7-2018-q2-update.win32_1.4.0.202007081208/tools/bin/../lib/gcc/arm-none-eabi/7.3.1/../../../../arm-none-eabi/lib/thumb/v7-m/crt0.o
[...]
Memory Configuration

Name             Origin             Length             Attributes
RAM              0x0000000020000000 0x0000000000002800 xrw
ROM              0x0000000008000000 0x0000000000008000 xr
*default*        0x0000000000000000 0xffffffffffffffff

Linker script and memory map

LOAD c:/st/stm32cubeide_1.4.0/stm32cubeide/plugins/com.st.stm32cube.ide.mcu.externaltools.gnu-tools-for-stm32.7-2018-q2-update.win32_1.4.0.202007081208/tools/bin/../lib/gcc/arm-none-eabi/7.3.1/thumb/v7-m/crti.o
LOAD c:/st/stm32cubeide_1.4.0/stm32cubeide/plugins/com.st.stm32cube.ide.mcu.externaltools.gnu-tools-for-stm32.7-2018-q2-update.win32_1.4.0.202007081208/tools/bin/../lib/gcc/arm-none-eabi/7.3.1/thumb/v7-m/crtbegin.o
LOAD c:/st/stm32cubeide_1.4.0/stm32cubeide/plugins/com.st.stm32cube.ide.mcu.externaltools.gnu-tools-for-stm32.7-2018-q2-update.win32_1.4.0.202007081208/tools/bin/../lib/gcc/arm-none-eabi/7.3.1/../../../../arm-none-eabi/lib/thumb/v7-m/crt0.o
LOAD HAL/KEYPAD/Keypad.o
LOAD HAL/LCD/Lcd.o
LOAD Src/main.o
LOAD Src/syscalls.o
LOAD Src/sysmem.o
LOAD Startup/startup_stm32f103c6tx.o
LOAD Stm32_F103C6_Drivers/EXTI/Stm32f103x8_EXTI_drivers.o
LOAD Stm32_F103C6_Drivers/GPIO/Stm32f103x8_gpio_drivers.o
LOAD Stm32_F103C6_Drivers/RCC/Stm32f103x8_RCC_drivers.o
LOAD Stm32_F103C6_Drivers/SPI/Stm32f103x8_SPI_drivers.o
LOAD Stm32_F103C6_Drivers/USART/Stm32f103x8_USART_drivers.o
START GROUP
LOAD c:/st/stm32cubeide_1.4.0/stm32cubeide/plugins/com.st.stm32cube.ide.mcu.externaltools.gnu-tools-for-stm32.7-2018-q2-update.win32_1.4.0.202007081208/tools/bin/../lib/gcc/arm-none-eabi/7.3.1/../../../../arm-none-eabi/lib/thumb/v7-m\libc_nano.a
LOAD c:/st/stm32cubeide_1.4.0/stm32cubeide/plugins/com.st.stm32cube.ide.mcu.externaltools.gnu-tools-for-stm32.7-2018-q2-update.win32_1.4.0.202007081208/tools/bin/../lib/gcc/arm-none-eabi/7.3.1/../../../../arm-none-eabi/lib/thumb/v7-m\libm.a
END GROUP
START GROUP
LOAD c:/st/stm32cubeide_1.4.0/stm32cubeide/plugins/com.st.stm32cube.ide.mcu.externaltools.gnu-tools-for-stm32.7-2018-q2-update.win32_1.4.0.202007081208/tools/bin/../lib/gcc/arm-none-eabi/7.3.1/thumb/v7-m\libgcc.a
LOAD c:/st/stm32cubeide_1.4.0/stm32cubeide/plugins/com.st.stm32cube.ide.mcu.externaltools.gnu-tools-for-stm32.7-2018-q2-update.win32_1.4.0.202007081208/tools/bin/../lib/gcc/arm-none-eabi/7.3.1/../../../../arm-none-eabi/lib/thumb/v7-m\libg_nano.a
LOAD c:/st/stm32cubeide_1.4.0/stm32cubeide/plugins/com.st.stm32cube.ide.mcu.externaltools.gnu-tools-for-stm32.7-2018-q2-update.win32_1.4.0.202007081208/tools/bin/../lib/gcc/arm-none-eabi/7.3.1/../../../../arm-none-eabi/lib/thumb/v7-m\libc_nano.a
END GROUP
START GROUP
LOAD c:/st/stm32cubeide_1.4.0/stm32cubeide/plugins/com.st.stm32cube.ide.mcu.externaltools.gnu-tools-for-stm32.7-2018-q2-update.win32_1.4.0.202007081208/tools/bin/../lib/gcc/arm-none-eabi/7.3.1/thumb/v7-m\libgcc.a
LOAD c:/st/stm32cubeide_1.4.0/stm32cubeide/plugins/com.st.stm32cube.ide.mcu.externaltools.gnu-tools-for-stm32.7-2018-q2-update.win32_1.4.0.202007081208/tools/bin/../lib/gcc/arm-none-eabi/7.3.1/../../../../arm-none-eabi/lib/thumb/v7-m\libc_nano.a
LOAD c:/st/stm32cubeide_1.4.0/stm32cubeide/plugins/com.st.stm32cube.ide.mcu.externaltools.gnu-tools-for-stm32.7-2018-q2-update.win32_1.4.0.202007081208/tools/bin/../lib/gcc/arm-none-eabi/7.3.1/../../../../arm-none-eabi/lib/thumb/v7-m\libnosys.a
END GROUP
START GROUP
LOAD c:/st/stm32cubeide_1.4.0/stm32cubeide/plugins/com.st.stm32cube.ide.mcu.externaltools.gnu-tools-for-stm32.7-2018-q2-update.win32_1.4.0.202007081208/tools/bin/../lib/gcc/arm-none-eabi/7.3.1/thumb/v7-m\libgcc.a
LOAD c:/st/stm32cubeide_1.4.0/stm32cubeide/plugins/com.st.stm32cube.ide.mcu.externaltools.gnu-tools-for-stm32.7-2018-q2-update.win32_1.4.0.202007081208/tools/bin/../lib/gcc/arm-none-eabi/7.3.1/../../../../arm-none-eabi/lib/thumb/v7-m\libc_nano.a
LOAD c:/st/stm32cubeide_1.4.0/stm32cubeide/plugins/com.st.stm32cube.ide.mcu.externaltools.gnu-tools-for-stm32.7-2018-q2-update.win32_1.4.0.202007081208/tools/bin/../lib/gcc/arm-none-eabi/7.3.1/../../../../arm-none-eabi/lib/thumb/v7-m\libnosys.a
END GROUP
LOAD c:/st/stm32cubeide_1.4.0/stm32cubeide/plugins/com.st.stm32cube.ide.mcu.externaltools.gnu-tools-for-stm32.7-2018-q2-update.win32_1.4.0.202007081208/tools/bin/../lib/gcc/arm-none-eabi/7.3.1/thumb/v7-m/crtend.o
LOAD c:/st/stm32cubeide_1.4.0/stm32cubeide/plugins/com.st.stm32cube.ide.mcu.externaltools.gnu-tools-for-stm32.7-2018-q2-update.win32_1.4.0.202007081208/tools/bin/../lib/gcc/arm-none-eabi/7.3.1/thumb/v7-m/crtn.o
                0x0000000020002800                _estack = (ORIGIN (RAM) + LENGTH (RAM))
                0x0000000000000200                _Min_Heap_Size = 0x200
                0x0000000000000400                _Min_Stack_Size = 0x400

.isr_vector     0x0000000008000000      0x130
                0x0000000008000000                . = ALIGN (0x4)
 *(.isr_vector)
 .isr_vector    0x0000000008000000      0x130 Startup/startup_stm32f103c6tx.o
                0x0000000008000000                g_pfnVectors
                0x0000000008000130                . = ALIGN (0x4)

.text           0x0000000008000130      0x9c0
                0x0000000008000130                . = ALIGN (0x4)
 *(.text)
 .text          0x0000000008000130       0x40 c:/st/stm32cubeide_1.4.0/stm32cubeide/plugins/com.st.stm32cube.ide.mcu.externaltools.gnu-tools-for-stm32.7-2018-q2-update.win32_1.4.0.202007081208/tools/bin/../lib/gcc/arm-none-eabi/7.3.1/thumb/v7-m/crtbegin.o
 *(.text*)
 .text.Clock_Init
                0x0000000008000170       0x34 Src/main.o
                0x0000000008000170                Clock_Init
 .text.GPIO_Init
                0x00000000080001a4       0x6c Src/main.o
                0x00000000080001a4                GPIO_Init
 .text.INT_ACTION
                0x0000000008000210       0x18 Src/main.o
                0x0000000008000210                INT_ACTION
 .text.main     0x0000000008000228       0x4c Src/main.o
                0x0000000008000228                main
 .text.Reset_Handler
                0x0000000008000274       0x50 Startup/startup_stm32f103c6tx.o
                0x0000000008000274                Reset_Handler
 .text.Default_Handler
                0x00000000080002c4        0x2 Startup/startup_stm32f103c6tx.o
                0x00000000080002c4                TIM8_TRG_COM_IRQHandler
                0x00000000080002c4                TIM8_CC_IRQHandler
                0x00000000080002c4                DebugMon_Handler
                0x00000000080002c4                TIM1_CC_IRQHandler
                0x00000000080002c4                HardFault_Handler
                0x00000000080002c4                TIM6_IRQHandler
                0x00000000080002c4                SysTick_Handler
                0x00000000080002c4                PVD_IRQHandler
                0x00000000080002c4                SDIO_IRQHandler
                0x00000000080002c4                PendSV_Handler
                0x00000000080002c4                NMI_Handler
                0x00000000080002c4                USB_HP_CAN_TX_IRQHandler
                0x00000000080002c4                I2C2_EV_IRQHandler
                0x00000000080002c4                UsageFault_Handler
                0x00000000080002c4                ADC1_2_IRQHandler
                0x00000000080002c4                CAN_SCE_IRQHandler
                0x00000000080002c4                TAMPER_IRQHandler
                0x00000000080002c4                TIM8_UP_IRQHandler
                0x00000000080002c4                DMA2_Channel2_IRQHandler
                0x00000000080002c4                DMA1_Channel4_IRQHandler
                0x00000000080002c4                RTC_IRQHandler
                0x00000000080002c4                DMA1_Channel7_IRQHandler
                0x00000000080002c4                UART5_IRQHandler
                0x00000000080002c4                ADC3_IRQHandler
                0x00000000080002c4                TIM4_IRQHandler
                0x00000000080002c4                CAN_RX1_IRQHandler
                0x00000000080002c4                DMA2_Channel1_IRQHandler
                0x00000000080002c4                I2C1_EV_IRQHandler
                0x00000000080002c4                DMA1_Channel6_IRQHandler
                0x00000000080002c4                UART4_IRQHandler
                0x00000000080002c4                TIM3_IRQHandler
                0x00000000080002c4                RCC_IRQHandler
                0x00000000080002c4                TIM1_TRG_COM_IRQHandler
                0x00000000080002c4                DMA1_Channel1_IRQHandler
                0x00000000080002c4                Default_Handler
                0x00000000080002c4                TIM7_IRQHandler
                0x00000000080002c4                TIM5_IRQHandler
                0x00000000080002c4                USB_LP_CAN_RX0_IRQHandler
                0x00000000080002c4                MemManage_Handler
                0x00000000080002c4                SVC_Handler
                0x00000000080002c4                DMA1_Channel5_IRQHandler
                0x00000000080002c4                DMA1_Channel3_IRQHandler
                0x00000000080002c4                FSMC_IRQHandler
                0x00000000080002c4                TIM1_UP_IRQHandler
                0x00000000080002c4                WWDG_IRQHandler
                0x00000000080002c4                TIM2_IRQHandler
                0x00000000080002c4                TIM1_BRK_IRQHandler
                0x00000000080002c4                RTCAlarm_IRQHandler
                0x00000000080002c4                DMA2_Channel4_5_IRQHandler
                0x00000000080002c4                I2C2_ER_IRQHandler
                0x00000000080002c4                DMA1_Channel2_IRQHandler
                0x00000000080002c4                TIM8_BRK_IRQHandler
                0x00000000080002c4                FLASH_IRQHandler
                0x00000000080002c4                BusFault_Handler
                0x00000000080002c4                I2C1_ER_IRQHandler
                0x00000000080002c4                DMA2_Channel3_IRQHandler
 *fill*         0x00000000080002c6        0x2 
 .text.NVIC_ENABLE
                0x00000000080002c8       0xcc Stm32_F103C6_Drivers/EXTI/Stm32f103x8_EXTI_drivers.o
                0x00000000080002c8                NVIC_ENABLE
 .text.NVIC_DISABLE
                0x0000000008000394       0xcc Stm32_F103C6_Drivers/EXTI/Stm32f103x8_EXTI_drivers.o
                0x0000000008000394                NVIC_DISABLE
 .text.Updata   0x0000000008000460      0x1e0 Stm32_F103C6_Drivers/EXTI/Stm32f103x8_EXTI_drivers.o
                0x0000000008000460                Updata
 .text.MCAL_EXTI_GPIO_INIT
                0x0000000008000640       0x16 Stm32_F103C6_Drivers/EXTI/Stm32f103x8_EXTI_drivers.o
                0x0000000008000640                MCAL_EXTI_GPIO_INIT
 *fill*         0x0000000008000656        0x2 
 .text.EXTI0_IRQHandler
                0x0000000008000658       0x1c Stm32_F103C6_Drivers/EXTI/Stm32f103x8_EXTI_drivers.o
                0x0000000008000658                EXTI0_IRQHandler
 .text.EXTI1_IRQHandler
                0x0000000008000674       0x1c Stm32_F103C6_Drivers/EXTI/Stm32f103x8_EXTI_drivers.o
                0x0000000008000674                EXTI1_IRQHandler
 .text.EXTI2_IRQHandler
                0x0000000008000690       0x1c Stm32_F103C6_Drivers/EXTI/Stm32f103x8_EXTI_drivers.o
                0x0000000008000690                EXTI2_IRQHandler
 .text.EXTI3_IRQHandler
                0x00000000080006ac       0x1c Stm32_F103C6_Drivers/EXTI/Stm32f103x8_EXTI_drivers.o
                0x00000000080006ac                EXTI3_IRQHandler
 .text.EXTI4_IRQHandler
                0x00000000080006c8       0x1c Stm32_F103C6_Drivers/EXTI/Stm32f103x8_EXTI_drivers.o
                0x00000000080006c8                EXTI4_IRQHandler
 .text.EXTI9_5_IRQHandler
                0x00000000080006e4       0x8c Stm32_F103C6_Drivers/EXTI/Stm32f103x8_EXTI_drivers.o
                0x00000000080006e4                EXTI9_5_IRQHandler
 .text.EXTI15_10_IRQHandler
                0x0000000008000770       0xc4 Stm32_F103C6_Drivers/EXTI/Stm32f103x8_EXTI_drivers.o
                0x0000000008000770                EXTI15_10_IRQHandler
 .text.get_pin  0x0000000008000834       0xc4 Stm32_F103C6_Drivers/GPIO/Stm32f103x8_gpio_drivers.o
                0x0000000008000834                get_pin
 .text.GPIOx_init
                0x00000000080008f8       0xfc Stm32_F103C6_Drivers/GPIO/Stm32f103x8_gpio_drivers.o
                0x00000000080008f8                GPIOx_init
 .text.GPIOx_TOGGELE_PIN
                0x00000000080009f4       0x22 Stm32_F103C6_Drivers/GPIO/Stm32f103x8_gpio_drivers.o
                0x00000000080009f4                GPIOx_TOGGELE_PIN
 *fill*         0x0000000008000a16        0x2 
 .text.SPI1_IRQHandler
                0x0000000008000a18       0x14 Stm32_F103C6_Drivers/SPI/Stm32f103x8_SPI_drivers.o
                0x0000000008000a18                SPI1_IRQHandler
 .text.SPI2_IRQHandler
                0x0000000008000a2c       0x14 Stm32_F103C6_Drivers/SPI/Stm32f103x8_SPI_drivers.o
                0x0000000008000a2c                SPI2_IRQHandler
 .text.SPI3_IRQHandler
                0x0000000008000a40       0x14 Stm32_F103C6_Drivers/SPI/Stm32f103x8_SPI_drivers.o
                0x0000000008000a40                SPI3_IRQHandler
 .text.USART1_IRQHandler
                0x0000000008000a54       0x14 Stm32_F103C6_Drivers/USART/Stm32f103x8_USART_drivers.o
                0x0000000008000a54                USART1_IRQHandler
 .text.USART2_IRQHandler
                0x0000000008000a68       0x14 Stm32_F103C6_Drivers/USART/Stm32f103x8_USART_drivers.o
                0x0000000008000a68                USART2_IRQHandler
 .text.USART3_IRQHandler
                0x0000000008000a7c       0x14 Stm32_F103C6_Drivers/USART/Stm32f103x8_USART_drivers.o
                0x0000000008000a7c                USART3_IRQHandler
 .text.__libc_init_array
                0x0000000008000a90       0x48 c:/st/stm32cubeide_1.4.0/stm32cubeide/plugins/com.st.stm32cube.ide.mcu.externaltools.gnu-tools-for-stm32.7-2018-q2-update.win32_1.4.0.202007081208/tools/bin/../lib/gcc/arm-none-eabi/7.3.1/../../../../arm-none-eabi/lib/thumb/v7-m\libc_nano.a(lib_a-init.o)
                0x0000000008000a90                __libc_init_array
 *(.glue_7)
 .glue_7        0x0000000008000ad8        0x0 linker stubs
 *(.glue_7t)
 .glue_7t       0x0000000008000ad8        0x0 linker stubs
 *(.eh_frame)
 .eh_frame      0x0000000008000ad8        0x0 c:/st/stm32cubeide_1.4.0/stm32cubeide/plugins/com.st.stm32cube.ide.mcu.externaltools.gnu-tools-for-stm32.7-2018-q2-update.win32_1.4.0.202007081208/tools/bin/../lib/gcc/arm-none-eabi/7.3.1/thumb/v7-m/crtbegin.o
 *(.init)
 .init          0x0000000008000ad8        0x4 c:/st/stm32cubeide_1.4.0/stm32cubeide/plugins/com.st.stm32cube.ide.mcu.externaltools.gnu-tools-for-stm32.7-2018-q2-update.win32_1.4.0.202007081208/tools/bin/../lib/gcc/arm-none-eabi/7.3.1/thumb/v7-m/crti.o
                0x0000000008000ad8                _init
 .init          0x0000000008000adc        0x8 c:/st/stm32cubeide_1.4.0/stm32cubeide/plugins/com.st.stm32cube.ide.mcu.externaltools.gnu-tools-for-stm32.7-2018-q2-update.win32_1.4.0.202007081208/tools/bin/../lib/gcc/arm-none-eabi/7.3.1/thumb/v7-m/crtn.o
 *(.fini)
 .fini          0x0000000008000ae4        0x4 c:/st/stm32cubeide_1.4.0/stm32cubeide/plugins/com.st.stm32cube.ide.mcu.externaltools.gnu-tools-for-stm32.7-2018-q2-update.win32_1.4.0.202007081208/tools/bin/../lib/gcc/arm-none-eabi/7.3.1/thumb/v7-m/crti.o
                0x0000000008000ae4                _fini
 .fini          0x0000000008000ae8        0x8 c:/st/stm32cubeide_1.4.0/stm32cubeide/plugins/com.st.stm32cube.ide.mcu.externaltools.gnu-tools-for-stm32.7-2018-q2-update.win32_1.4.0.202007081208/tools/bin/../lib/gcc/arm-none-eabi/7.3.1/thumb/v7-m/crtn.o
                0x0000000008000af0                . = ALIGN (0x4)
                0x0000000008000af0                _etext = .

.vfp11_veneer   0x0000000008000af0        0x0
 .vfp11_veneer  0x0000000008000af0        0x0 linker stubs

.v4_bx          0x0000000008000af0        0x0
 .v4_bx         0x0000000008000af0        0x0 linker stubs

.iplt           0x0000000008000af0        0x0
 .iplt          0x0000000008000af0        0x0 c:/st/stm32cubeide_1.4.0/stm32cubeide/plugins/com.st.stm32cube.ide.mcu.externaltools.gnu-tools-for-stm32.7-2018-q2-update.win32_1.4.0.202007081208/tools/bin/../lib/gcc/arm-none-eabi/7.3.1/thumb/v7-m/crtbegin.o

.rodata         0x0000000008000af0        0xc
                0x0000000008000af0                . = ALIGN (0x4)
 *(.rodata)
 .rodata        0x0000000008000af0        0xc Src/main.o
 *(.rodata*)
                0x0000000008000afc                . = ALIGN (0x4)

.rel.dyn        0x0000000008000afc        0x0
 .rel.iplt      0x0000000008000afc        0x0 c:/st/stm32cubeide_1.4.0/stm32cubeide/plugins/com.st.stm32cube.ide.mcu.externaltools.gnu-tools-for-stm32.7-2018-q2-update.win32_1.4.0.202007081208/tools/bin/../lib/gcc/arm-none-eabi/7.3.1/thumb/v7-m/crtbegin.o

.ARM.extab      0x0000000008000afc        0x0
                0x0000000008000afc                . = ALIGN (0x4)
 *(.ARM.extab* .gnu.linkonce.armextab.*)
                0x0000000008000afc                . = ALIGN (0x4)

.ARM            0x0000000008000afc        0x0
                0x0000000008000afc                . = ALIGN (0x4)
                0x0000000008000afc                __exidx_start = .
 *(.ARM.exidx*)
                0x0000000008000afc                __exidx_end = .
                0x0000000008000afc                . = ALIGN (0x4)

.preinit_array  0x0000000008000afc        0x0
                0x0000000008000afc                . = ALIGN (0x4)
                0x0000000008000afc                PROVIDE (__preinit_array_start = .)
 *(.preinit_array*)
                0x0000000008000afc                PROVIDE (__preinit_array_end = .)
                0x0000000008000afc                . = ALIGN (0x4)

.init_array     0x0000000008000afc        0x4
                0x0000000008000afc                . = ALIGN (0x4)
                0x0000000008000afc                PROVIDE (__init_array_start = .)
 *(SORT_BY_NAME(.init_array.*))
 *(.init_array*)
 .init_array    0x0000000008000afc        0x4 c:/st/stm32cubeide_1.4.0/stm32cubeide/plugins/com.st.stm32cube.ide.mcu.externaltools.gnu-tools-for-stm32.7-2018-q2-update.win32_1.4.0.202007081208/tools/bin/../lib/gcc/arm-none-eabi/7.3.1/thumb/v7-m/crtbegin.o
                0x0000000008000b00                PROVIDE (__init_array_end = .)
                0x0000000008000b00                . = ALIGN (0x4)

.fini_array     0x0000000008000b00        0x4
                0x0000000008000b00                . = ALIGN (0x4)
                [!provide]                        PROVIDE (__fini_array_start = .)
 *(SORT_BY_NAME(.fini_array.*))
 *(.fini_array*)
 .fini_array    0x0000000008000b00        0x4 c:/st/stm32cubeide_1.4.0/stm32cubeide/plugins/com.st.stm32cube.ide.mcu.externaltools.gnu-tools-for-stm32.7-2018-q2-update.win32_1.4.0.202007081208/tools/bin/../lib/gcc/arm-none-eabi/7.3.1/thumb/v7-m/crtbegin.o
                [!provide]                        PROVIDE (__fini_array_end = .)
                0x0000000008000b04                . = ALIGN (0x4)
                0x0000000008000b04                _sidata = LOADADDR (.data)

.data           0x0000000020000000        0x0 load address 0x0000000008000b04
                0x0000000020000000                . = ALIGN (0x4)
                0x0000000020000000                _sdata = .
 *(.data)
 *(.data*)
                0x0000000020000000                . = ALIGN (0x4)
                0x0000000020000000                _edata = .

.igot.plt       0x0000000020000000        0x0 load address 0x0000000008000b04
 .igot.plt      0x0000000020000000        0x0 c:/st/stm32cubeide_1.4.0/stm32cubeide/plugins/com.st.stm32cube.ide.mcu.externaltools.gnu-tools-for-stm32.7-2018-q2-update.win32_1.4.0.202007081208/tools/bin/../lib/gcc/arm-none-eabi/7.3.1/thumb/v7-m/crtbegin.o
                0x0000000020000000                . = ALIGN (0x4)

.bss            0x0000000020000000       0x74 load address 0x0000000008000b04
                0x0000000020000000                _sbss = .
                0x0000000020000000                __bss_start__ = _sbss
 *(.bss)
 .bss           0x0000000020000000       0x1c c:/st/stm32cubeide_1.4.0/stm32cubeide/plugins/com.st.stm32cube.ide.mcu.externaltools.gnu-tools-for-stm32.7-2018-q2-update.win32_1.4.0.202007081208/tools/bin/../lib/gcc/arm-none-eabi/7.3.1/thumb/v7-m/crtbegin.o
 *(.bss*)
 .bss.SPI_confige
                0x000000002000001c        0x4 Stm32_F103C6_Drivers/SPI/Stm32f103x8_SPI_drivers.o
                0x000000002000001c                SPI_confige
 .bss.USART_confige
                0x0000000020000020        0x4 Stm32_F103C6_Drivers/USART/Stm32f103x8_USART_drivers.o
                0x0000000020000020                USART_confige
 *(COMMON)
 COMMON         0x0000000020000024       0x14 Src/main.o
                0x0000000020000024                EXTI_CONGIG
 COMMON         0x0000000020000038       0x3c Stm32_F103C6_Drivers/EXTI/Stm32f103x8_EXTI_drivers.o
                0x0000000020000038                Gp_call_back_func
                0x0000000020000074                . = ALIGN (0x4)
                0x0000000020000074                _ebss = .
                0x0000000020000074                __bss_end__ = _ebss

._user_heap_stack
                0x0000000020000074      0x604 load address 0x0000000008000b04
                0x0000000020000078                . = ALIGN (0x8)
 *fill*         0x0000000020000074        0x4 
                [!provide]                        PROVIDE (end = .)
                0x0000000020000078                PROVIDE (_end = .)
                0x0000000020000278                . = (. + _Min_Heap_Size)
 *fill*         0x0000000020000078      0x200 
                0x0000000020000678                . = (. + _Min_Stack_Size)
 *fill*         0x0000000020000278      0x400 
                0x0000000020000678                . = ALIGN (0x8)

/DISCARD/
 libc.a(*)
 libm.a(*)
 libgcc.a(*)

.ARM.attributes
                0x0000000000000000       0x29
 *(.ARM.attributes)
 .ARM.attributes
                0x0000000000000000       0x1d c:/st/stm32cubeide_1.4.0/stm32cubeide/plugins/com.st.stm32cube.ide.mcu.externaltools.gnu-tools-for-stm32.7-2018-q2-update.win32_1.4.0.202007081208/tools/bin/../lib/gcc/arm-none-eabi/7.3.1/thumb/v7-m/crti.o
 .ARM.attributes
                0x000000000000001d       0x2d c:/st/stm32cubeide_1.4.0/stm32cubeide/plugins/com.st.stm32cube.ide.mcu.externaltools.gnu-tools-for-stm32.7-2018-q2-update.win32_1.4.0.202007081208/tools/bin/../lib/gcc/arm-none-eabi/7.3.1/thumb/v7-m/crtbegin.o
 .ARM.attributes
                0x000000000000004a       0x33 Src/main.o
 .ARM.attributes
                0x000000000000007d       0x21 Startup/startup_stm32f103c6tx.o
 .ARM.attributes
                0x000000000000009e       0x33 Stm32_F103C6_Drivers/EXTI/Stm32f103x8_EXTI_drivers.o
 .ARM.attributes
                0x00000000000000d1       0x33 Stm32_F103C6_Drivers/GPIO/Stm32f103x8_gpio_drivers.o
 .ARM.attributes
                0x0000000000000104       0x33 Stm32_F103C6_Drivers/SPI/Stm32f103x8_SPI_drivers.o
 .ARM.attributes
                0x0000000000000137       0x33 Stm32_F103C6_Drivers/USART/Stm32f103x8_USART_drivers.o
 .ARM.attributes
                0x000000000000016a       0x2d c:/st/stm32cubeide_1.4.0/stm32cubeide/plugins/com.st.stm32cube.ide.mcu.externaltools.gnu-tools-for-stm32.7-2018-q2-update.win32_1.4.0.202007081208/tools/bin/../lib/gcc/arm-none-eabi/7.3.1/../../../../arm-none-eabi/lib/thumb/v7-m\libc_nano.a(lib_a-init.o)
 .ARM.attributes
                0x0000000000000197       0x1d c:/st/stm32cubeide_1.4.0/stm32cubeide/plugins/com.st.stm32cube.ide.mcu.externaltools.gnu-tools-for-stm32.7-2018-q2-update.win32_1.4.0.202007081208/tools/bin/../lib/gcc/arm-none-eabi/7.3.1/thumb/v7-m/crtn.o
OUTPUT(Drivers.axf elf32-littlearm)

.debug_info     0x0000000000000000     0x44b6
 .debug_info    0x0000000000000000      0xc87 Src/main.o
 .debug_info    0x0000000000000c87       0x22 Startup/startup_stm32f103c6tx.o
 .debug_info    0x0000000000000ca9      0xdb0 Stm32_F103C6_Drivers/EXTI/Stm32f103x8_EXTI_drivers.o
 .debug_info    0x0000000000001a59      0xd59 Stm32_F103C6_Drivers/GPIO/Stm32f103x8_gpio_drivers.o
 .debug_info    0x00000000000027b2      0xf04 Stm32_F103C6_Drivers/SPI/Stm32f103x8_SPI_drivers.o
 .debug_info    0x00000000000036b6      0xe00 Stm32_F103C6_Drivers/USART/Stm32f103x8_USART_drivers.o

.debug_abbrev   0x0000000000000000      0xade
 .debug_abbrev  0x0000000000000000      0x210 Src/main.o
 .debug_abbrev  0x0000000000000210       0x12 Startup/startup_stm32f103c6tx.o
 .debug_abbrev  0x0000000000000222      0x221 Stm32_F103C6_Drivers/EXTI/Stm32f103x8_EXTI_drivers.o
 .debug_abbrev  0x0000000000000443      0x232 Stm32_F103C6_Drivers/GPIO/Stm32f103x8_gpio_drivers.o
 .debug_abbrev  0x0000000000000675      0x233 Stm32_F103C6_Drivers/SPI/Stm32f103x8_SPI_drivers.o
 .debug_abbrev  0x00000000000008a8      0x236 Stm32_F103C6_Drivers/USART/Stm32f103x8_USART_drivers.o

.debug_loc      0x0000000000000000      0xd34
 .debug_loc     0x0000000000000000      0x154 Src/main.o
 .debug_loc     0x0000000000000154      0x320 Stm32_F103C6_Drivers/EXTI/Stm32f103x8_EXTI_drivers.o
 .debug_loc     0x0000000000000474      0x330 Stm32_F103C6_Drivers/GPIO/Stm32f103x8_gpio_drivers.o
 .debug_loc     0x00000000000007a4      0x2fc Stm32_F103C6_Drivers/SPI/Stm32f103x8_SPI_drivers.o
 .debug_loc     0x0000000000000aa0      0x294 Stm32_F103C6_Drivers/USART/Stm32f103x8_USART_drivers.o

.debug_aranges  0x0000000000000000      0x210
 .debug_aranges
                0x0000000000000000       0x40 Src/main.o
 .debug_aranges
                0x0000000000000040       0x28 Startup/startup_stm32f103c6tx.o
 .debug_aranges
                0x0000000000000068       0x80 Stm32_F103C6_Drivers/EXTI/Stm32f103x8_EXTI_drivers.o
 .debug_aranges
                0x00000000000000e8       0x60 Stm32_F103C6_Drivers/GPIO/Stm32f103x8_gpio_drivers.o
 .debug_aranges
                0x0000000000000148       0x68 Stm32_F103C6_Drivers/SPI/Stm32f103x8_SPI_drivers.o
 .debug_aranges
                0x00000000000001b0       0x60 Stm32_F103C6_Drivers/USART/Stm32f103x8_USART_drivers.o

.debug_ranges   0x0000000000000000      0x1b8
 .debug_ranges  0x0000000000000000       0x30 Src/main.o
 .debug_ranges  0x0000000000000030       0x20 Startup/startup_stm32f103c6tx.o
 .debug_ranges  0x0000000000000050       0x70 Stm32_F103C6_Drivers/EXTI/Stm32f103x8_EXTI_drivers.o
 .debug_ranges  0x00000000000000c0       0x50 Stm32_F103C6_Drivers/GPIO/Stm32f103x8_gpio_drivers.o
 .debug_ranges  0x0000000000000110       0x58 Stm32_F103C6_Drivers/SPI/Stm32f103x8_SPI_drivers.o
 .debug_ranges  0x0000000000000168       0x50 Stm32_F103C6_Drivers/USART/Stm32f103x8_USART_drivers.o

.debug_macro    0x0000000000000000     0x14e4
 .debug_macro   0x0000000000000000      0x252 Src/main.o
 .debug_macro   0x0000000000000252       0x1c Src/main.o
 .debug_macro   0x000000000000026e       0x35 Src/main.o
 .debug_macro   0x00000000000002a3       0x10 Src/main.o
 .debug_macro   0x00000000000002b3       0x10 Src/main.o
 .debug_macro   0x00000000000002c3       0x1c Src/main.o
 .debug_macro   0x00000000000002df       0x52 Src/main.o
 .debug_macro   0x0000000000000331       0x40 Src/main.o
 .debug_macro   0x0000000000000371       0x10 Src/main.o
 .debug_macro   0x0000000000000381       0x40 Src/main.o
 .debug_macro   0x00000000000003c1       0xd7 Src/main.o
 .debug_macro   0x0000000000000498       0x1c Src/main.o
 .debug_macro   0x00000000000004b4       0x3d Src/main.o
 .debug_macro   0x00000000000004f1       0x16 Src/main.o
 .debug_macro   0x0000000000000507      0x145 Src/main.o
 .debug_macro   0x000000000000064c      0x33c Src/main.o
 .debug_macro   0x0000000000000988       0xd6 Src/main.o
 .debug_macro   0x0000000000000a5e      0x21b Src/main.o
 .debug_macro   0x0000000000000c79       0x16 Src/main.o
 .debug_macro   0x0000000000000c8f       0xe2 Src/main.o
 .debug_macro   0x0000000000000d71       0xc4 Src/main.o
 .debug_macro   0x0000000000000e35       0xa6 Src/main.o
 .debug_macro   0x0000000000000edb      0x158 Stm32_F103C6_Drivers/EXTI/Stm32f103x8_EXTI_drivers.o
 .debug_macro   0x0000000000001033      0x145 Stm32_F103C6_Drivers/GPIO/Stm32f103x8_gpio_drivers.o
 .debug_macro   0x0000000000001178      0x157 Stm32_F103C6_Drivers/SPI/Stm32f103x8_SPI_drivers.o
 .debug_macro   0x00000000000012cf       0xbe Stm32_F103C6_Drivers/SPI/Stm32f103x8_SPI_drivers.o
 .debug_macro   0x000000000000138d      0x157 Stm32_F103C6_Drivers/USART/Stm32f103x8_USART_drivers.o

.debug_line     0x0000000000000000     0x23f6
 .debug_line    0x0000000000000000      0x7cc Src/main.o
 .debug_line    0x00000000000007cc       0x84 Startup/startup_stm32f103c6tx.o
 .debug_line    0x0000000000000850      0x74a Stm32_F103C6_Drivers/EXTI/Stm32f103x8_EXTI_drivers.o
 .debug_line    0x0000000000000f9a      0x67c Stm32_F103C6_Drivers/GPIO/Stm32f103x8_gpio_drivers.o
 .debug_line    0x0000000000001616      0x6fe Stm32_F103C6_Drivers/SPI/Stm32f103x8_SPI_drivers.o
 .debug_line    0x0000000000001d14      0x6e2 Stm32_F103C6_Drivers/USART/Stm32f103x8_USART_drivers.o

.debug_str      0x0000000000000000     0xbc93
 .debug_str     0x0000000000000000     0xb55b Src/main.o
                                       0xb7df (size before relaxing)
 .debug_str     0x000000000000b55b       0x6b Startup/startup_stm32f103c6tx.o
 .debug_str     0x000000000000b5c6      0x1e8 Stm32_F103C6_Drivers/EXTI/Stm32f103x8_EXTI_drivers.o
                                       0x98aa (size before relaxing)
 .debug_str     0x000000000000b7ae       0xe5 Stm32_F103C6_Drivers/GPIO/Stm32f103x8_gpio_drivers.o
                                       0x85a7 (size before relaxing)
 .debug_str     0x000000000000b893      0x299 Stm32_F103C6_Drivers/SPI/Stm32f103x8_SPI_drivers.o
                                       0x8c7e (size before relaxing)
 .debug_str     0x000000000000bb2c      0x167 Stm32_F103C6_Drivers/USART/Stm32f103x8_USART_drivers.o
                                       0x8d40 (size before relaxing)

.comment        0x0000000000000000       0x7b
 .comment       0x0000000000000000       0x7b Src/main.o
                                         0x7c (size before relaxing)
 .comment       0x000000000000007b       0x7c Stm32_F103C6_Drivers/EXTI/Stm32f103x8_EXTI_drivers.o
 .comment       0x000000000000007b       0x7c Stm32_F103C6_Drivers/GPIO/Stm32f103x8_gpio_drivers.o
 .comment       0x000000000000007b       0x7c Stm32_F103C6_Drivers/SPI/Stm32f103x8_SPI_drivers.o
 .comment       0x000000000000007b       0x7c Stm32_F103C6_Drivers/USART/Stm32f103x8_USART_drivers.o

.debug_frame    0x0000000000000000      0x6d0
 .debug_frame   0x0000000000000000       0xb8 Src/main.o
 .debug_frame   0x00000000000000b8      0x1b0 Stm32_F103C6_Drivers/EXTI/Stm32f103x8_EXTI_drivers.o
 .debug_frame   0x0000000000000268      0x178 Stm32_F103C6_Drivers/GPIO/Stm32f103x8_gpio_drivers.o
 .debug_frame   0x00000000000003e0      0x178 Stm32_F103C6_Drivers/SPI/Stm32f103x8_SPI_drivers.o
 .debug_frame   0x0000000000000558      0x14c Stm32_F103C6_Drivers/USART/Stm32f103x8_USART_drivers.o
 .debug_frame   0x00000000000006a4       0x2c c:/st/stm32cubeide_1.4.0/stm32cubeide/plugins/com.st.stm32cube.ide.mcu.externaltools.gnu-tools-for-stm32.7-2018-q2-update.win32_1.4.0.202007081208/tools/bin/../lib/gcc/arm-none-eabi/7.3.1/../../../../arm-none-eabi/lib/thumb/v7-m\libc_nano.a(lib_a-init.o)
