Scheduler.c:143:28:PendSV_Handler	0	static,ignoring_inline_asm
Scheduler.c:297:6:IDLE_TASK_FUNC	4	static,ignoring_inline_asm
Scheduler.c:309:6:MyRTOS_Create_MainStack	4	static
Scheduler.c:319:16:MYRTOS_init	16	static
Scheduler.c:357:6:MYRTOS_Create_STack_Task	24	static
Scheduler.c:414:16:MYRTOS_Create_Task	24	static
Scheduler.c:481:6:Bubble_Sort_Tasks	24	static
Scheduler.c:504:16:MyRTOS_Reorder_Scheduler_Tabel	16	static
Scheduler.c:515:16:MyRTOS_Update_Ready_Queue	32	static
Scheduler.c:594:6:OS_Decide_What_Next	8	static
Scheduler.c:640:16:OS_SVC_Services	24	static
Scheduler.c:716:16:MYRTOS_OS_SVC_Set	24	static,ignoring_inline_asm
Scheduler.c:750:16:MYRTOS_Active_Task	24	static
Scheduler.c:763:16:MYRTOS_Terminat_Task	24	static
Scheduler.c:778:16:MYRTOS_TaskWait	24	static
Scheduler.c:791:6:MYRTOS_Update_TasksWaitingTime	16	static
Scheduler.c:811:16:MYRTOS_AcquireMutex	24	static
Scheduler.c:833:16:MYRTOS_ReleaseMutex	24	static
Scheduler.c:848:16:MYRTOS_Start_OS	16	static,ignoring_inline_asm
