Stm32f103x8_USART_drivers.c:16:6:MCAL_UART_Init	24	static
Stm32f103x8_USART_drivers.c:118:6:MCAL_UART_DeInit	16	static
Stm32f103x8_USART_drivers.c:153:6:MCAL_UART_GPIO_Set_Pins	24	static
Stm32f103x8_USART_drivers.c:262:6:MCAL_UART_SendData	24	static
Stm32f103x8_USART_drivers.c:281:6:MCAL_UART_WAIT_TC	16	static
Stm32f103x8_USART_drivers.c:297:6:MCAL_UART_ReceiveData	24	static
Stm32f103x8_USART_drivers.c:339:6:USART1_IRQHandler	8	static
Stm32f103x8_USART_drivers.c:344:6:USART2_IRQHandler	8	static
Stm32f103x8_USART_drivers.c:349:6:USART3_IRQHandler	8	static
