main.c:77:5:TaskA_Fun	24	static
main.c:82:5:TaskB_Fun	24	static
main.c:92:6:OS_SVC_Services	32	static
main.c:117:5:OS_SVC_Set	32	static,ignoring_inline_asm
main.c:141:27:SVC_Handler	0	static,ignoring_inline_asm
main.c:153:6:Clock_Init	4	static
main.c:165:6:GPIO_Init	16	static
main.c:192:6:__delay__	24	static
main.c:200:6:NMI_Handler	4	static
main.c:203:6:HardFault_Handler	4	static
main.c:206:6:MemManage_Handler	4	static
main.c:209:6:BusFault_Handler	4	static
main.c:219:6:SWITCH_CPU_ACCESS_LEVEL	16	static,ignoring_inline_asm
main.c:234:6:INT_ACTION	4	static
main.c:258:6:main_os	8	static,ignoring_inline_asm
main.c:331:5:main	16	static,ignoring_inline_asm
