Stm32f103x8_SPI_drivers.c:16:6:MCAL_SPI_Init	24	static
Stm32f103x8_SPI_drivers.c:98:6:MCAL_SPI_DeInit	16	static
Stm32f103x8_SPI_drivers.c:119:6:MCAL_SPI_GPIO_Set_Pins	24	static
Stm32f103x8_SPI_drivers.c:278:6:MCAL_SPI_SendData	24	static
Stm32f103x8_SPI_drivers.c:298:6:MCAL_SPI_WAIT_TC	16	static
Stm32f103x8_SPI_drivers.c:317:6:MCAL_SPI_ReceiveData	24	static
Stm32f103x8_SPI_drivers.c:333:6:MCAL_SPI_Tx_Rx	24	static
Stm32f103x8_SPI_drivers.c:347:6:SPI1_IRQHandler	8	static
Stm32f103x8_SPI_drivers.c:356:6:SPI2_IRQHandler	8	static
Stm32f103x8_SPI_drivers.c:365:6:SPI3_IRQHandler	8	static
